Archive member included to satisfy reference by file (symbol)

/Applications/STM32CubeIDE.app/Contents/Eclipse/plugins/com.st.stm32cube.ide.mcu.externaltools.gnu-tools-for-stm32.12.3.rel1.macos64_1.0.200.202406191456/tools/bin/../lib/gcc/arm-none-eabi/12.3.1/../../../../arm-none-eabi/lib/thumb/v7e-m+fp/hard/librdimon_nano.a(arm_librdimon_a-syscalls.o)
                              /Applications/STM32CubeIDE.app/Contents/Eclipse/plugins/com.st.stm32cube.ide.mcu.externaltools.gnu-tools-for-stm32.12.3.rel1.macos64_1.0.200.202406191456/tools/bin/../lib/gcc/arm-none-eabi/12.3.1/../../../../arm-none-eabi/lib/thumb/v7e-m+fp/hard/rdimon-crt0.o (__heap_limit)
/Applications/STM32CubeIDE.app/Contents/Eclipse/plugins/com.st.stm32cube.ide.mcu.externaltools.gnu-tools-for-stm32.12.3.rel1.macos64_1.0.200.202406191456/tools/bin/../lib/gcc/arm-none-eabi/12.3.1/../../../../arm-none-eabi/lib/thumb/v7e-m+fp/hard/libc_nano.a(libc_a-exit.o)
                              /Applications/STM32CubeIDE.app/Contents/Eclipse/plugins/com.st.stm32cube.ide.mcu.externaltools.gnu-tools-for-stm32.12.3.rel1.macos64_1.0.200.202406191456/tools/bin/../lib/gcc/arm-none-eabi/12.3.1/../../../../arm-none-eabi/lib/thumb/v7e-m+fp/hard/rdimon-crt0.o (exit)
/Applications/STM32CubeIDE.app/Contents/Eclipse/plugins/com.st.stm32cube.ide.mcu.externaltools.gnu-tools-for-stm32.12.3.rel1.macos64_1.0.200.202406191456/tools/bin/../lib/gcc/arm-none-eabi/12.3.1/../../../../arm-none-eabi/lib/thumb/v7e-m+fp/hard/libc_nano.a(libc_a-fflush.o)
                              ./Core/Src/Button_Task.o (fflush)
/Applications/STM32CubeIDE.app/Contents/Eclipse/plugins/com.st.stm32cube.ide.mcu.externaltools.gnu-tools-for-stm32.12.3.rel1.macos64_1.0.200.202406191456/tools/bin/../lib/gcc/arm-none-eabi/12.3.1/../../../../arm-none-eabi/lib/thumb/v7e-m+fp/hard/libc_nano.a(libc_a-rand.o)
                              ./Core/Src/Enemy.o (rand)
/Applications/STM32CubeIDE.app/Contents/Eclipse/plugins/com.st.stm32cube.ide.mcu.externaltools.gnu-tools-for-stm32.12.3.rel1.macos64_1.0.200.202406191456/tools/bin/../lib/gcc/arm-none-eabi/12.3.1/../../../../arm-none-eabi/lib/thumb/v7e-m+fp/hard/libc_nano.a(libc_a-findfp.o)
                              /Applications/STM32CubeIDE.app/Contents/Eclipse/plugins/com.st.stm32cube.ide.mcu.externaltools.gnu-tools-for-stm32.12.3.rel1.macos64_1.0.200.202406191456/tools/bin/../lib/gcc/arm-none-eabi/12.3.1/../../../../arm-none-eabi/lib/thumb/v7e-m+fp/hard/libc_nano.a(libc_a-fflush.o) (__sglue)
/Applications/STM32CubeIDE.app/Contents/Eclipse/plugins/com.st.stm32cube.ide.mcu.externaltools.gnu-tools-for-stm32.12.3.rel1.macos64_1.0.200.202406191456/tools/bin/../lib/gcc/arm-none-eabi/12.3.1/../../../../arm-none-eabi/lib/thumb/v7e-m+fp/hard/libc_nano.a(libc_a-fwalk.o)
                              /Applications/STM32CubeIDE.app/Contents/Eclipse/plugins/com.st.stm32cube.ide.mcu.externaltools.gnu-tools-for-stm32.12.3.rel1.macos64_1.0.200.202406191456/tools/bin/../lib/gcc/arm-none-eabi/12.3.1/../../../../arm-none-eabi/lib/thumb/v7e-m+fp/hard/libc_nano.a(libc_a-fflush.o) (_fwalk_sglue)
/Applications/STM32CubeIDE.app/Contents/Eclipse/plugins/com.st.stm32cube.ide.mcu.externaltools.gnu-tools-for-stm32.12.3.rel1.macos64_1.0.200.202406191456/tools/bin/../lib/gcc/arm-none-eabi/12.3.1/../../../../arm-none-eabi/lib/thumb/v7e-m+fp/hard/libc_nano.a(libc_a-printf.o)
                              ./Core/Src/Collision.o (printf)
/Applications/STM32CubeIDE.app/Contents/Eclipse/plugins/com.st.stm32cube.ide.mcu.externaltools.gnu-tools-for-stm32.12.3.rel1.macos64_1.0.200.202406191456/tools/bin/../lib/gcc/arm-none-eabi/12.3.1/../../../../arm-none-eabi/lib/thumb/v7e-m+fp/hard/libc_nano.a(libc_a-puts.o)
                              ./Core/Src/Button_Task.o (puts)
/Applications/STM32CubeIDE.app/Contents/Eclipse/plugins/com.st.stm32cube.ide.mcu.externaltools.gnu-tools-for-stm32.12.3.rel1.macos64_1.0.200.202406191456/tools/bin/../lib/gcc/arm-none-eabi/12.3.1/../../../../arm-none-eabi/lib/thumb/v7e-m+fp/hard/libc_nano.a(libc_a-memset.o)
                              /Applications/STM32CubeIDE.app/Contents/Eclipse/plugins/com.st.stm32cube.ide.mcu.externaltools.gnu-tools-for-stm32.12.3.rel1.macos64_1.0.200.202406191456/tools/bin/../lib/gcc/arm-none-eabi/12.3.1/../../../../arm-none-eabi/lib/thumb/v7e-m+fp/hard/rdimon-crt0.o (memset)
/Applications/STM32CubeIDE.app/Contents/Eclipse/plugins/com.st.stm32cube.ide.mcu.externaltools.gnu-tools-for-stm32.12.3.rel1.macos64_1.0.200.202406191456/tools/bin/../lib/gcc/arm-none-eabi/12.3.1/../../../../arm-none-eabi/lib/thumb/v7e-m+fp/hard/libc_nano.a(libc_a-impure.o)
                              ./Core/Src/Button_Task.o (_impure_ptr)
/Applications/STM32CubeIDE.app/Contents/Eclipse/plugins/com.st.stm32cube.ide.mcu.externaltools.gnu-tools-for-stm32.12.3.rel1.macos64_1.0.200.202406191456/tools/bin/../lib/gcc/arm-none-eabi/12.3.1/../../../../arm-none-eabi/lib/thumb/v7e-m+fp/hard/libc_nano.a(libc_a-errno.o)
[...]
Memory Configuration

Name             Origin             Length             Attributes
CCMRAM           0x10000000         0x00010000         xrw
RAM              0x20000000         0x00030000         xrw
FLASH            0x08000000         0x00200000         xr
*default*        0x00000000         0xffffffff

Linker script and memory map

LOAD /Applications/STM32CubeIDE.app/Contents/Eclipse/plugins/com.st.stm32cube.ide.mcu.externaltools.gnu-tools-for-stm32.12.3.rel1.macos64_1.0.200.202406191456/tools/bin/../lib/gcc/arm-none-eabi/12.3.1/thumb/v7e-m+fp/hard/crti.o
LOAD /Applications/STM32CubeIDE.app/Contents/Eclipse/plugins/com.st.stm32cube.ide.mcu.externaltools.gnu-tools-for-stm32.12.3.rel1.macos64_1.0.200.202406191456/tools/bin/../lib/gcc/arm-none-eabi/12.3.1/thumb/v7e-m+fp/hard/crtbegin.o
LOAD /Applications/STM32CubeIDE.app/Contents/Eclipse/plugins/com.st.stm32cube.ide.mcu.externaltools.gnu-tools-for-stm32.12.3.rel1.macos64_1.0.200.202406191456/tools/bin/../lib/gcc/arm-none-eabi/12.3.1/../../../../arm-none-eabi/lib/thumb/v7e-m+fp/hard/rdimon-crt0.o
LOAD ./Core/Src/Button_Driver.o
LOAD ./Core/Src/Button_Task.o
LOAD ./Core/Src/Capacitor.o
LOAD ./Core/Src/Collision.o
LOAD ./Core/Src/Difficulty.o
LOAD ./Core/Src/Display_Task.o
LOAD ./Core/Src/Enemy.o
LOAD ./Core/Src/Gyro_Driver.o
LOAD ./Core/Src/LCD_Driver.o
LOAD ./Core/Src/Main_Menu.o
LOAD ./Core/Src/Railgun.o
LOAD ./Core/Src/Shield.o
LOAD ./Core/Src/fonts.o
LOAD ./Core/Src/freertos.o
LOAD ./Core/Src/main.o
LOAD ./Core/Src/pwm.o
LOAD ./Core/Src/stm32f4xx_hal_msp.o
LOAD ./Core/Src/stm32f4xx_it.o
LOAD ./Core/Src/stmpe811.o
LOAD ./Core/Src/sysmem.o
LOAD ./Core/Src/system_stm32f4xx.o
LOAD ./Core/Startup/startup_stm32f429zitx.o
LOAD ./Drivers/STM32F4xx_HAL_Driver/Src/stm32f4xx_hal.o
LOAD ./Drivers/STM32F4xx_HAL_Driver/Src/stm32f4xx_hal_cortex.o
LOAD ./Drivers/STM32F4xx_HAL_Driver/Src/stm32f4xx_hal_dma.o
LOAD ./Drivers/STM32F4xx_HAL_Driver/Src/stm32f4xx_hal_dma_ex.o
LOAD ./Drivers/STM32F4xx_HAL_Driver/Src/stm32f4xx_hal_exti.o
LOAD ./Drivers/STM32F4xx_HAL_Driver/Src/stm32f4xx_hal_flash.o
LOAD ./Drivers/STM32F4xx_HAL_Driver/Src/stm32f4xx_hal_flash_ex.o
LOAD ./Drivers/STM32F4xx_HAL_Driver/Src/stm32f4xx_hal_flash_ramfunc.o
LOAD ./Drivers/STM32F4xx_HAL_Driver/Src/stm32f4xx_hal_gpio.o
LOAD ./Drivers/STM32F4xx_HAL_Driver/Src/stm32f4xx_hal_i2c.o
LOAD ./Drivers/STM32F4xx_HAL_Driver/Src/stm32f4xx_hal_i2c_ex.o
LOAD ./Drivers/STM32F4xx_HAL_Driver/Src/stm32f4xx_hal_ltdc.o
LOAD ./Drivers/STM32F4xx_HAL_Driver/Src/stm32f4xx_hal_pwr.o
LOAD ./Drivers/STM32F4xx_HAL_Driver/Src/stm32f4xx_hal_pwr_ex.o
LOAD ./Drivers/STM32F4xx_HAL_Driver/Src/stm32f4xx_hal_rcc.o
LOAD ./Drivers/STM32F4xx_HAL_Driver/Src/stm32f4xx_hal_rcc_ex.o
LOAD ./Drivers/STM32F4xx_HAL_Driver/Src/stm32f4xx_hal_spi.o
LOAD ./Drivers/STM32F4xx_HAL_Driver/Src/stm32f4xx_hal_tim.o
LOAD ./Drivers/STM32F4xx_HAL_Driver/Src/stm32f4xx_hal_tim_ex.o
LOAD ./Middlewares/Third_Party/FreeRTOS/Source/CMSIS_RTOS/cmsis_os.o
LOAD ./Middlewares/Third_Party/FreeRTOS/Source/croutine.o
LOAD ./Middlewares/Third_Party/FreeRTOS/Source/event_groups.o
LOAD ./Middlewares/Third_Party/FreeRTOS/Source/list.o
LOAD ./Middlewares/Third_Party/FreeRTOS/Source/queue.o
LOAD ./Middlewares/Third_Party/FreeRTOS/Source/stream_buffer.o
LOAD ./Middlewares/Third_Party/FreeRTOS/Source/tasks.o
LOAD ./Middlewares/Third_Party/FreeRTOS/Source/timers.o
LOAD ./Middlewares/Third_Party/FreeRTOS/Source/portable/GCC/ARM_CM4F/port.o
LOAD ./Middlewares/Third_Party/FreeRTOS/Source/portable/MemMang/heap_4.o
LOAD /Applications/STM32CubeIDE.app/Contents/Eclipse/plugins/com.st.stm32cube.ide.mcu.externaltools.gnu-tools-for-stm32.12.3.rel1.macos64_1.0.200.202406191456/tools/bin/../lib/gcc/arm-none-eabi/12.3.1/../../../../arm-none-eabi/lib/thumb/v7e-m+fp/hard/librdimon_nano.a
START GROUP
LOAD /Applications/STM32CubeIDE.app/Contents/Eclipse/plugins/com.st.stm32cube.ide.mcu.externaltools.gnu-tools-for-stm32.12.3.rel1.macos64_1.0.200.202406191456/tools/bin/../lib/gcc/arm-none-eabi/12.3.1/../../../../arm-none-eabi/lib/thumb/v7e-m+fp/hard/libc_nano.a
LOAD /Applications/STM32CubeIDE.app/Contents/Eclipse/plugins/com.st.stm32cube.ide.mcu.externaltools.gnu-tools-for-stm32.12.3.rel1.macos64_1.0.200.202406191456/tools/bin/../lib/gcc/arm-none-eabi/12.3.1/../../../../arm-none-eabi/lib/thumb/v7e-m+fp/hard/libm.a
END GROUP
START GROUP
LOAD /Applications/STM32CubeIDE.app/Contents/Eclipse/plugins/com.st.stm32cube.ide.mcu.externaltools.gnu-tools-for-stm32.12.3.rel1.macos64_1.0.200.202406191456/tools/bin/../lib/gcc/arm-none-eabi/12.3.1/thumb/v7e-m+fp/hard/libgcc.a
LOAD /Applications/STM32CubeIDE.app/Contents/Eclipse/plugins/com.st.stm32cube.ide.mcu.externaltools.gnu-tools-for-stm32.12.3.rel1.macos64_1.0.200.202406191456/tools/bin/../lib/gcc/arm-none-eabi/12.3.1/../../../../arm-none-eabi/lib/thumb/v7e-m+fp/hard/libc_nano.a
END GROUP
START GROUP
LOAD /Applications/STM32CubeIDE.app/Contents/Eclipse/plugins/com.st.stm32cube.ide.mcu.externaltools.gnu-tools-for-stm32.12.3.rel1.macos64_1.0.200.202406191456/tools/bin/../lib/gcc/arm-none-eabi/12.3.1/thumb/v7e-m+fp/hard/libgcc.a
LOAD /Applications/STM32CubeIDE.app/Contents/Eclipse/plugins/com.st.stm32cube.ide.mcu.externaltools.gnu-tools-for-stm32.12.3.rel1.macos64_1.0.200.202406191456/tools/bin/../lib/gcc/arm-none-eabi/12.3.1/../../../../arm-none-eabi/lib/thumb/v7e-m+fp/hard/libc_nano.a
LOAD /Applications/STM32CubeIDE.app/Contents/Eclipse/plugins/com.st.stm32cube.ide.mcu.externaltools.gnu-tools-for-stm32.12.3.rel1.macos64_1.0.200.202406191456/tools/bin/../lib/gcc/arm-none-eabi/12.3.1/../../../../arm-none-eabi/lib/thumb/v7e-m+fp/hard/libnosys.a
END GROUP
START GROUP
LOAD /Applications/STM32CubeIDE.app/Contents/Eclipse/plugins/com.st.stm32cube.ide.mcu.externaltools.gnu-tools-for-stm32.12.3.rel1.macos64_1.0.200.202406191456/tools/bin/../lib/gcc/arm-none-eabi/12.3.1/thumb/v7e-m+fp/hard/libgcc.a
LOAD /Applications/STM32CubeIDE.app/Contents/Eclipse/plugins/com.st.stm32cube.ide.mcu.externaltools.gnu-tools-for-stm32.12.3.rel1.macos64_1.0.200.202406191456/tools/bin/../lib/gcc/arm-none-eabi/12.3.1/../../../../arm-none-eabi/lib/thumb/v7e-m+fp/hard/libc_nano.a
LOAD /Applications/STM32CubeIDE.app/Contents/Eclipse/plugins/com.st.stm32cube.ide.mcu.externaltools.gnu-tools-for-stm32.12.3.rel1.macos64_1.0.200.202406191456/tools/bin/../lib/gcc/arm-none-eabi/12.3.1/../../../../arm-none-eabi/lib/thumb/v7e-m+fp/hard/librdimon_nano.a
END GROUP
START GROUP
LOAD /Applications/STM32CubeIDE.app/Contents/Eclipse/plugins/com.st.stm32cube.ide.mcu.externaltools.gnu-tools-for-stm32.12.3.rel1.macos64_1.0.200.202406191456/tools/bin/../lib/gcc/arm-none-eabi/12.3.1/thumb/v7e-m+fp/hard/libgcc.a
LOAD /Applications/STM32CubeIDE.app/Contents/Eclipse/plugins/com.st.stm32cube.ide.mcu.externaltools.gnu-tools-for-stm32.12.3.rel1.macos64_1.0.200.202406191456/tools/bin/../lib/gcc/arm-none-eabi/12.3.1/../../../../arm-none-eabi/lib/thumb/v7e-m+fp/hard/libc_nano.a
LOAD /Applications/STM32CubeIDE.app/Contents/Eclipse/plugins/com.st.stm32cube.ide.mcu.externaltools.gnu-tools-for-stm32.12.3.rel1.macos64_1.0.200.202406191456/tools/bin/../lib/gcc/arm-none-eabi/12.3.1/../../../../arm-none-eabi/lib/thumb/v7e-m+fp/hard/librdimon_nano.a
LOAD /Applications/STM32CubeIDE.app/Contents/Eclipse/plugins/com.st.stm32cube.ide.mcu.externaltools.gnu-tools-for-stm32.12.3.rel1.macos64_1.0.200.202406191456/tools/bin/../lib/gcc/arm-none-eabi/12.3.1/../../../../arm-none-eabi/lib/thumb/v7e-m+fp/hard/libnosys.a
END GROUP
LOAD /Applications/STM32CubeIDE.app/Contents/Eclipse/plugins/com.st.stm32cube.ide.mcu.externaltools.gnu-tools-for-stm32.12.3.rel1.macos64_1.0.200.202406191456/tools/bin/../lib/gcc/arm-none-eabi/12.3.1/thumb/v7e-m+fp/hard/crtend.o
LOAD /Applications/STM32CubeIDE.app/Contents/Eclipse/plugins/com.st.stm32cube.ide.mcu.externaltools.gnu-tools-for-stm32.12.3.rel1.macos64_1.0.200.202406191456/tools/bin/../lib/gcc/arm-none-eabi/12.3.1/thumb/v7e-m+fp/hard/crtn.o
                0x20030000                        _estack = (ORIGIN (RAM) + LENGTH (RAM))
                0x00000200                        _Min_Heap_Size = 0x200
                0x00000400                        _Min_Stack_Size = 0x400

.isr_vector     0x08000000      0x1ac
                0x08000000                        . = ALIGN (0x4)
 *(.isr_vector)
 .isr_vector    0x08000000      0x1ac ./Core/Startup/startup_stm32f429zitx.o
                0x08000000                g_pfnVectors
                0x080001ac                        . = ALIGN (0x4)

.text           0x080001b0     0x9ae8
                0x080001b0                        . = ALIGN (0x4)
 *(.text)
 .text          0x080001b0       0x40 /Applications/STM32CubeIDE.app/Contents/Eclipse/plugins/com.st.stm32cube.ide.mcu.externaltools.gnu-tools-for-stm32.12.3.rel1.macos64_1.0.200.202406191456/tools/bin/../lib/gcc/arm-none-eabi/12.3.1/thumb/v7e-m+fp/hard/crtbegin.o
 .text          0x080001f0       0x10 /Applications/STM32CubeIDE.app/Contents/Eclipse/plugins/com.st.stm32cube.ide.mcu.externaltools.gnu-tools-for-stm32.12.3.rel1.macos64_1.0.200.202406191456/tools/bin/../lib/gcc/arm-none-eabi/12.3.1/../../../../arm-none-eabi/lib/thumb/v7e-m+fp/hard/libc_nano.a(libc_a-strlen.o)
                0x080001f0                strlen
 .text          0x08000200       0xa0 /Applications/STM32CubeIDE.app/Contents/Eclipse/plugins/com.st.stm32cube.ide.mcu.externaltools.gnu-tools-for-stm32.12.3.rel1.macos64_1.0.200.202406191456/tools/bin/../lib/gcc/arm-none-eabi/12.3.1/../../../../arm-none-eabi/lib/thumb/v7e-m+fp/hard/libc_nano.a(libc_a-memchr.o)
                0x08000200                memchr
 .text          0x080002a0      0x254 /Applications/STM32CubeIDE.app/Contents/Eclipse/plugins/com.st.stm32cube.ide.mcu.externaltools.gnu-tools-for-stm32.12.3.rel1.macos64_1.0.200.202406191456/tools/bin/../lib/gcc/arm-none-eabi/12.3.1/thumb/v7e-m+fp/hard/libgcc.a(_arm_muldf3.o)
                0x080002a0                __aeabi_dmul
                0x080002a0                __muldf3
 .text          0x080004f4      0x378 /Applications/STM32CubeIDE.app/Contents/Eclipse/plugins/com.st.stm32cube.ide.mcu.externaltools.gnu-tools-for-stm32.12.3.rel1.macos64_1.0.200.202406191456/tools/bin/../lib/gcc/arm-none-eabi/12.3.1/thumb/v7e-m+fp/hard/libgcc.a(_arm_addsubdf3.o)
                0x080004f4                __aeabi_drsub
                0x080004fc                __subdf3
                0x080004fc                __aeabi_dsub
                0x08000500                __aeabi_dadd
                0x08000500                __adddf3
                0x08000778                __aeabi_ui2d
                0x08000778                __floatunsidf
                0x08000798                __floatsidf
                0x08000798                __aeabi_i2d
                0x080007bc                __extendsfdf2
                0x080007bc                __aeabi_f2d
                0x08000800                __aeabi_ul2d
                0x08000800                __floatundidf
                0x08000810                __aeabi_l2d
                0x08000810                __floatdidf
 .text          0x0800086c       0x50 /Applications/STM32CubeIDE.app/Contents/Eclipse/plugins/com.st.stm32cube.ide.mcu.externaltools.gnu-tools-for-stm32.12.3.rel1.macos64_1.0.200.202406191456/tools/bin/../lib/gcc/arm-none-eabi/12.3.1/thumb/v7e-m+fp/hard/libgcc.a(_arm_fixdfsi.o)
                0x0800086c                __fixdfsi
                0x0800086c                __aeabi_d2iz
 .text          0x080008bc       0x30 /Applications/STM32CubeIDE.app/Contents/Eclipse/plugins/com.st.stm32cube.ide.mcu.externaltools.gnu-tools-for-stm32.12.3.rel1.macos64_1.0.200.202406191456/tools/bin/../lib/gcc/arm-none-eabi/12.3.1/thumb/v7e-m+fp/hard/libgcc.a(_aeabi_uldivmod.o)
                0x080008bc                __aeabi_uldivmod
 .text          0x080008ec      0x2bc /Applications/STM32CubeIDE.app/Contents/Eclipse/plugins/com.st.stm32cube.ide.mcu.externaltools.gnu-tools-for-stm32.12.3.rel1.macos64_1.0.200.202406191456/tools/bin/../lib/gcc/arm-none-eabi/12.3.1/thumb/v7e-m+fp/hard/libgcc.a(_udivmoddi4.o)
                0x080008ec                __udivmoddi4
 .text          0x08000ba8        0x4 /Applications/STM32CubeIDE.app/Contents/Eclipse/plugins/com.st.stm32cube.ide.mcu.externaltools.gnu-tools-for-stm32.12.3.rel1.macos64_1.0.200.202406191456/tools/bin/../lib/gcc/arm-none-eabi/12.3.1/thumb/v7e-m+fp/hard/libgcc.a(_dvmd_tls.o)
                0x08000ba8                __aeabi_ldiv0
                0x08000ba8                __aeabi_idiv0
 *(.text*)
 .text.Button_Init
                0x08000bac       0x58 ./Core/Src/Button_Driver.o
                0x08000bac                Button_Init
 .text.Button_IsPressed
                0x08000c04       0x20 ./Core/Src/Button_Driver.o
                0x08000c04                Button_IsPressed
 .text.StartButtonTask
                0x08000c24      0x224 ./Core/Src/Button_Task.o
                0x08000c24                StartButtonTask
 .text.Capacitor_Consume
                0x08000e48       0x38 ./Core/Src/Capacitor.o
                0x08000e48                Capacitor_Consume
 .text.Capacitor_Update
                0x08000e80       0x68 ./Core/Src/Capacitor.o
                0x08000e80                Capacitor_Update
 .text.Capacitor_DrawBar
                0x08000ee8       0xa8 ./Core/Src/Capacitor.o
                0x08000ee8                Capacitor_DrawBar
 .text.SatchelHitsPlatform
                0x08000f90       0xa0 ./Core/Src/Collision.o
                0x08000f90                SatchelHitsPlatform
 .text.SatchelHitsShield
                0x08001030       0x84 ./Core/Src/Collision.o
                0x08001030                SatchelHitsShield
 .text.HandleCollisions
                0x080010b4      0x324 ./Core/Src/Collision.o
                0x080010b4                HandleCollisions
 .text.Game_Lose
                0x080013d8       0x18 ./Core/Src/Collision.o
                0x080013d8                Game_Lose
 .text.Game_Win
                0x080013f0       0x2c ./Core/Src/Collision.o
                0x080013f0                Game_Win
 .text.SetDifficulty
                0x0800141c       0x3c ./Core/Src/Difficulty.o
                0x0800141c                SetDifficulty
 .text.GetMaxSatchels
                0x08001458       0x38 ./Core/Src/Difficulty.o
                0x08001458                GetMaxSatchels
 .text.StartDisplayTask
                0x08001490      0x108 ./Core/Src/Display_Task.o
                0x08001490                StartDisplayTask
 .text.drawCastleAndCliff
                0x08001598       0x54 ./Core/Src/Display_Task.o
                0x08001598                drawCastleAndCliff
 .text.drawCannonAndPlatform
                0x080015ec      0x16c ./Core/Src/Display_Task.o
                0x080015ec                drawCannonAndPlatform
 .text.movePlatformWithGyro
                0x08001758      0x140 ./Core/Src/Display_Task.o
                0x08001758                movePlatformWithGyro
 .text.PrisonerEscapeAnimation
                0x08001898       0x70 ./Core/Src/Display_Task.o
                0x08001898                PrisonerEscapeAnimation
 .text.SatchelIsActive
                0x08001908       0x40 ./Core/Src/Enemy.o
                0x08001908                SatchelIsActive
 .text.SpawnSatchel
                0x08001948      0x1c4 ./Core/Src/Enemy.o
                0x08001948                SpawnSatchel
 .text.UpdateSatchels
                0x08001b0c      0x1fc ./Core/Src/Enemy.o
                0x08001b0c                UpdateSatchels
 .text.Gyro_Get_Velocity
                0x08001d08       0x50 ./Core/Src/Gyro_Driver.o
                0x08001d08                Gyro_Get_Velocity
 .text.Gyro_HAL_Check
                0x08001d58       0x28 ./Core/Src/Gyro_Driver.o
                0x08001d58                Gyro_HAL_Check
 .text.Gyro_Slave_Enable
                0x08001d80       0x18 ./Core/Src/Gyro_Driver.o
                0x08001d80                Gyro_Slave_Enable
 .text.Gyro_Slave_Disable
                0x08001d98       0x18 ./Core/Src/Gyro_Driver.o
                0x08001d98                Gyro_Slave_Disable
 .text.Gyro_Receive_Data
                0x08001db0       0x34 ./Core/Src/Gyro_Driver.o
                0x08001db0                Gyro_Receive_Data
 .text.Gyro_Transmit_Data
                0x08001de4       0x34 ./Core/Src/Gyro_Driver.o
                0x08001de4                Gyro_Transmit_Data
 .text.LCD_GPIO_Init
                0x08001e18      0x190 ./Core/Src/LCD_Driver.o
                0x08001e18                LCD_GPIO_Init
 .text.LTCD__Init
                0x08001fa8       0xbc ./Core/Src/LCD_Driver.o
                0x08001fa8                LTCD__Init
 .text.LTCD_Layer_Init
                0x08002064       0x80 ./Core/Src/LCD_Driver.o
                0x08002064                LTCD_Layer_Init
 .text.LCD_Draw_Pixel
                0x080020e4       0x3c ./Core/Src/LCD_Driver.o
                0x080020e4                LCD_Draw_Pixel
 .text.LCD_DrawChar
                0x08002120       0xdc ./Core/Src/LCD_Driver.o
                0x08002120                LCD_DrawChar
 .text.LCD_DisplayCharColored
                0x080021fc       0x40 ./Core/Src/LCD_Driver.o
                0x080021fc                LCD_DisplayCharColored
 .text.LCD_DisplayChar
                0x0800223c       0x44 ./Core/Src/LCD_Driver.o
                0x0800223c                LCD_DisplayChar
 .text.LCD_DisplayString
                0x08002280       0x4e ./Core/Src/LCD_Driver.o
                0x08002280                LCD_DisplayString
 *fill*         0x080022ce        0x2 
 .text.LCD_SetTextColor
                0x080022d0       0x20 ./Core/Src/LCD_Driver.o
                0x080022d0                LCD_SetTextColor
 .text.LCD_SetFont
                0x080022f0       0x20 ./Core/Src/LCD_Driver.o
                0x080022f0                LCD_SetFont
 .text.LCD_Draw_Circle_Fill
                0x08002310       0xa6 ./Core/Src/LCD_Driver.o
                0x08002310                LCD_Draw_Circle_Fill
 *fill*         0x080023b6        0x2 
 .text.LCD_Clear
                0x080023b8       0x44 ./Core/Src/LCD_Driver.o
                0x080023b8                LCD_Clear
 .text.LCD_Clear_Rectangle
                0x080023fc       0x64 ./Core/Src/LCD_Driver.o
                0x080023fc                LCD_Clear_Rectangle
 .text.LCD_Error_Handler
                0x08002460        0x8 ./Core/Src/LCD_Driver.o
                0x08002460                LCD_Error_Handler
 .text.ili9341_Init
                0x08002468      0x294 ./Core/Src/LCD_Driver.o
                0x08002468                ili9341_Init
 .text.ili9341_Write_Reg
                0x080026fc       0x1a ./Core/Src/LCD_Driver.o
                0x080026fc                ili9341_Write_Reg
 .text.ili9341_Send_Data
                0x08002716       0x1a ./Core/Src/LCD_Driver.o
                0x08002716                ili9341_Send_Data
 .text.SPI_Init
                0x08002730       0x74 ./Core/Src/LCD_Driver.o
 .text.SPI_Write
                0x080027a4       0x3c ./Core/Src/LCD_Driver.o
 .text.SPI_Error
                0x080027e0       0x18 ./Core/Src/LCD_Driver.o
 .text.SPI_MspInit
                0x080027f8       0x74 ./Core/Src/LCD_Driver.o
 .text.LCD_IO_Init
                0x0800286c       0xf0 ./Core/Src/LCD_Driver.o
                0x0800286c                LCD_IO_Init
 .text.LCD_IO_WriteData
                0x0800295c       0x44 ./Core/Src/LCD_Driver.o
                0x0800295c                LCD_IO_WriteData
 .text.LCD_IO_WriteReg
                0x080029a0       0x44 ./Core/Src/LCD_Driver.o
                0x080029a0                LCD_IO_WriteReg
 .text.LCD_Delay
                0x080029e4       0x16 ./Core/Src/LCD_Driver.o
                0x080029e4                LCD_Delay
 *fill*         0x080029fa        0x2 
 .text.DrawMenu
                0x080029fc       0x90 ./Core/Src/Main_Menu.o
                0x080029fc                DrawMenu
 .text.HandleMenuInput
                0x08002a8c       0xa8 ./Core/Src/Main_Menu.o
                0x08002a8c                HandleMenuInput
 .text.DrawGameOver
                0x08002b34       0x3c ./Core/Src/Main_Menu.o
                0x08002b34                DrawGameOver
 .text.HandleGameOverInput
                0x08002b70       0x78 ./Core/Src/Main_Menu.o
                0x08002b70                HandleGameOverInput
 .text.FireRailgun
                0x08002be8       0xec ./Core/Src/Railgun.o
                0x08002be8                FireRailgun
 .text.Railgun_Update
                0x08002cd4      0x140 ./Core/Src/Railgun.o
                0x08002cd4                Railgun_Update
 .text.StartShieldTask
                0x08002e14       0x16 ./Core/Src/Shield.o
                0x08002e14                StartShieldTask
 *fill*         0x08002e2a        0x2 
 .text.ActivateShield
                0x08002e2c       0x98 ./Core/Src/Shield.o
                0x08002e2c                ActivateShield
 .text.DeactivateShield
                0x08002ec4       0x3c ./Core/Src/Shield.o
                0x08002ec4                DeactivateShield
 .text.Shield_TakeHit
                0x08002f00       0xb4 ./Core/Src/Shield.o
                0x08002f00                Shield_TakeHit
 .text.GetShieldHealth
                0x08002fb4       0x18 ./Core/Src/Shield.o
                0x08002fb4                GetShieldHealth
 .text.Shield_Update
                0x08002fcc       0xf4 ./Core/Src/Shield.o
                0x08002fcc                Shield_Update
 .text.vApplicationGetIdleTaskMemory
                0x080030c0       0x34 ./Core/Src/freertos.o
                0x080030c0                vApplicationGetIdleTaskMemory
 .text.main     0x080030f4      0x1c4 ./Core/Src/main.o
                0x080030f4                main
 .text.SystemClock_Config
                0x080032b8       0xd8 ./Core/Src/main.o
                0x080032b8                SystemClock_Config
 .text.MX_I2C3_Init
                0x08003390       0x80 ./Core/Src/main.o
 .text.MX_SPI5_Init
                0x08003410       0x6c ./Core/Src/main.o
 .text.MX_TIM2_Init
                0x0800347c       0xb0 ./Core/Src/main.o
 .text.MX_GPIO_Init
                0x0800352c      0x48c ./Core/Src/main.o
 .text.StartDefaultTask
                0x080039b8       0x10 ./Core/Src/main.o
                0x080039b8                StartDefaultTask
 .text.StartTask02
                0x080039c8       0x10 ./Core/Src/main.o
                0x080039c8                StartTask02
 .text.StartTask04
                0x080039d8       0x26 ./Core/Src/main.o
                0x080039d8                StartTask04
 .text.Error_Handler
                0x080039fe        0xc ./Core/Src/main.o
                0x080039fe                Error_Handler
 *fill*         0x08003a0a        0x2 
 .text.GPIO_Init
                0x08003a0c       0x3c ./Core/Src/pwm.o
                0x08003a0c                GPIO_Init
 .text.TIM2_Init
                0x08003a48       0x60 ./Core/Src/pwm.o
                0x08003a48                TIM2_Init
 .text.TIM2_IRQHandler
                0x08003aa8       0x78 ./Core/Src/pwm.o
                0x08003aa8                TIM2_IRQHandler
 .text.set_brightness
                0x08003b20       0x2c ./Core/Src/pwm.o
                0x08003b20                set_brightness
 .text.HAL_MspInit
                0x08003b4c       0x58 ./Core/Src/stm32f4xx_hal_msp.o
                0x08003b4c                HAL_MspInit
 .text.HAL_I2C_MspInit
                0x08003ba4       0xd4 ./Core/Src/stm32f4xx_hal_msp.o
                0x08003ba4                HAL_I2C_MspInit
 .text.HAL_SPI_MspInit
                0x08003c78       0xb0 ./Core/Src/stm32f4xx_hal_msp.o
                0x08003c78                HAL_SPI_MspInit
 .text.HAL_SPI_MspDeInit
                0x08003d28       0x3c ./Core/Src/stm32f4xx_hal_msp.o
                0x08003d28                HAL_SPI_MspDeInit
 .text.HAL_TIM_PWM_MspInit
                0x08003d64       0x40 ./Core/Src/stm32f4xx_hal_msp.o
                0x08003d64                HAL_TIM_PWM_MspInit
 .text.HAL_TIM_MspPostInit
                0x08003da4       0x70 ./Core/Src/stm32f4xx_hal_msp.o
                0x08003da4                HAL_TIM_MspPostInit
 .text.NMI_Handler
                0x08003e14        0x8 ./Core/Src/stm32f4xx_it.o
                0x08003e14                NMI_Handler
 .text.HardFault_Handler
                0x08003e1c        0x8 ./Core/Src/stm32f4xx_it.o
                0x08003e1c                HardFault_Handler
 .text.MemManage_Handler
                0x08003e24        0x8 ./Core/Src/stm32f4xx_it.o
                0x08003e24                MemManage_Handler
 .text.BusFault_Handler
                0x08003e2c        0x8 ./Core/Src/stm32f4xx_it.o
                0x08003e2c                BusFault_Handler
 .text.UsageFault_Handler
                0x08003e34        0x8 ./Core/Src/stm32f4xx_it.o
                0x08003e34                UsageFault_Handler
 .text.DebugMon_Handler
                0x08003e3c        0xe ./Core/Src/stm32f4xx_it.o
                0x08003e3c                DebugMon_Handler
 .text.SysTick_Handler
                0x08003e4a       0x1a ./Core/Src/stm32f4xx_it.o
                0x08003e4a                SysTick_Handler
 .text._sbrk    0x08003e64       0x6c ./Core/Src/sysmem.o
                0x08003e64                _sbrk
 .text.SystemInit
                0x08003ed0       0x24 ./Core/Src/system_stm32f4xx.o
                0x08003ed0                SystemInit
 .text.Reset_Handler
                0x08003ef4       0x50 ./Core/Startup/startup_stm32f429zitx.o
                0x08003ef4                Reset_Handler
 .text.Default_Handler
                0x08003f44        0x2 ./Core/Startup/startup_stm32f429zitx.o
                0x08003f44                DMA1_Stream3_IRQHandler
                0x08003f44                HASH_RNG_IRQHandler
                0x08003f44                EXTI2_IRQHandler
                0x08003f44                TIM8_CC_IRQHandler
                0x08003f44                UART8_IRQHandler
                0x08003f44                SPI4_IRQHandler
                0x08003f44                TIM1_CC_IRQHandler
                0x08003f44                DMA2_Stream5_IRQHandler
                0x08003f44                DMA1_Stream5_IRQHandler
                0x08003f44                PVD_IRQHandler
                0x08003f44                SDIO_IRQHandler
                0x08003f44                TAMP_STAMP_IRQHandler
                0x08003f44                CAN2_RX1_IRQHandler
                0x08003f44                EXTI3_IRQHandler
                0x08003f44                TIM8_TRG_COM_TIM14_IRQHandler
                0x08003f44                TIM1_UP_TIM10_IRQHandler
                0x08003f44                TIM8_UP_TIM13_IRQHandler
                0x08003f44                I2C3_ER_IRQHandler
                0x08003f44                EXTI0_IRQHandler
                0x08003f44                I2C2_EV_IRQHandler
                0x08003f44                DMA1_Stream2_IRQHandler
                0x08003f44                CAN1_RX0_IRQHandler
                0x08003f44                FPU_IRQHandler
                0x08003f44                OTG_HS_WKUP_IRQHandler
                0x08003f44                LTDC_ER_IRQHandler
                0x08003f44                CAN2_SCE_IRQHandler
                0x08003f44                DMA2_Stream2_IRQHandler
                0x08003f44                SPI1_IRQHandler
                0x08003f44                TIM6_DAC_IRQHandler
                0x08003f44                TIM1_BRK_TIM9_IRQHandler
                0x08003f44                DCMI_IRQHandler
                0x08003f44                CAN2_RX0_IRQHandler
                0x08003f44                DMA2_Stream3_IRQHandler
                0x08003f44                USART6_IRQHandler
                0x08003f44                USART3_IRQHandler
                0x08003f44                CAN1_RX1_IRQHandler
                0x08003f44                UART5_IRQHandler
                0x08003f44                DMA2_Stream0_IRQHandler
                0x08003f44                TIM4_IRQHandler
                0x08003f44                I2C1_EV_IRQHandler
                0x08003f44                DMA1_Stream6_IRQHandler
                0x08003f44                DMA1_Stream1_IRQHandler
                0x08003f44                UART4_IRQHandler
                0x08003f44                TIM3_IRQHandler
                0x08003f44                RCC_IRQHandler
                0x08003f44                TIM8_BRK_TIM12_IRQHandler
                0x08003f44                Default_Handler
                0x08003f44                EXTI15_10_IRQHandler
                0x08003f44                ADC_IRQHandler
                0x08003f44                DMA1_Stream7_IRQHandler
                0x08003f44                SPI5_IRQHandler
                0x08003f44                TIM7_IRQHandler
                0x08003f44                CAN2_TX_IRQHandler
                0x08003f44                TIM5_IRQHandler
                0x08003f44                DMA2_Stream7_IRQHandler
                0x08003f44                I2C3_EV_IRQHandler
                0x08003f44                EXTI9_5_IRQHandler
                0x08003f44                RTC_WKUP_IRQHandler
                0x08003f44                LTDC_IRQHandler
                0x08003f44                ETH_WKUP_IRQHandler
                0x08003f44                SPI2_IRQHandler
                0x08003f44                OTG_HS_EP1_IN_IRQHandler
                0x08003f44                DMA1_Stream0_IRQHandler
                0x08003f44                CAN1_TX_IRQHandler
                0x08003f44                EXTI4_IRQHandler
                0x08003f44                ETH_IRQHandler
                0x08003f44                OTG_HS_EP1_OUT_IRQHandler
                0x08003f44                WWDG_IRQHandler
                0x08003f44                SPI6_IRQHandler
                0x08003f44                OTG_FS_WKUP_IRQHandler
                0x08003f44                TIM1_TRG_COM_TIM11_IRQHandler
                0x08003f44                OTG_HS_IRQHandler
                0x08003f44                DMA2D_IRQHandler
                0x08003f44                EXTI1_IRQHandler
                0x08003f44                UART7_IRQHandler
                0x08003f44                USART2_IRQHandler
                0x08003f44                I2C2_ER_IRQHandler
                0x08003f44                DMA2_Stream1_IRQHandler
                0x08003f44                CAN1_SCE_IRQHandler
                0x08003f44                FLASH_IRQHandler
                0x08003f44                DMA2_Stream4_IRQHandler
                0x08003f44                USART1_IRQHandler
                0x08003f44                OTG_FS_IRQHandler
                0x08003f44                SPI3_IRQHandler
                0x08003f44                DMA1_Stream4_IRQHandler
                0x08003f44                I2C1_ER_IRQHandler
                0x08003f44                FMC_IRQHandler
                0x08003f44                DMA2_Stream6_IRQHandler
                0x08003f44                SAI1_IRQHandler
                0x08003f44                RTC_Alarm_IRQHandler
 *fill*         0x08003f46        0x2 
 .text.HAL_Init
                0x08003f48       0x44 ./Drivers/STM32F4xx_HAL_Driver/Src/stm32f4xx_hal.o
                0x08003f48                HAL_Init
 .text.HAL_InitTick
                0x08003f8c       0x60 ./Drivers/STM32F4xx_HAL_Driver/Src/stm32f4xx_hal.o
                0x08003f8c                HAL_InitTick
 .text.HAL_IncTick
                0x08003fec       0x28 ./Drivers/STM32F4xx_HAL_Driver/Src/stm32f4xx_hal.o
                0x08003fec                HAL_IncTick
 .text.HAL_GetTick
                0x08004014       0x18 ./Drivers/STM32F4xx_HAL_Driver/Src/stm32f4xx_hal.o
                0x08004014                HAL_GetTick
 .text.__NVIC_SetPriorityGrouping
                0x0800402c       0x48 ./Drivers/STM32F4xx_HAL_Driver/Src/stm32f4xx_hal_cortex.o
 .text.__NVIC_GetPriorityGrouping
                0x08004074       0x1c ./Drivers/STM32F4xx_HAL_Driver/Src/stm32f4xx_hal_cortex.o
 .text.__NVIC_SetPriority
                0x08004090       0x54 ./Drivers/STM32F4xx_HAL_Driver/Src/stm32f4xx_hal_cortex.o
 .text.NVIC_EncodePriority
                0x080040e4       0x66 ./Drivers/STM32F4xx_HAL_Driver/Src/stm32f4xx_hal_cortex.o
 *fill*         0x0800414a        0x2 
 .text.SysTick_Config
                0x0800414c       0x44 ./Drivers/STM32F4xx_HAL_Driver/Src/stm32f4xx_hal_cortex.o
 .text.HAL_NVIC_SetPriorityGrouping
                0x08004190       0x16 ./Drivers/STM32F4xx_HAL_Driver/Src/stm32f4xx_hal_cortex.o
                0x08004190                HAL_NVIC_SetPriorityGrouping
 .text.HAL_NVIC_SetPriority
                0x080041a6       0x38 ./Drivers/STM32F4xx_HAL_Driver/Src/stm32f4xx_hal_cortex.o
                0x080041a6                HAL_NVIC_SetPriority
 .text.HAL_SYSTICK_Config
                0x080041de       0x18 ./Drivers/STM32F4xx_HAL_Driver/Src/stm32f4xx_hal_cortex.o
                0x080041de                HAL_SYSTICK_Config
 *fill*         0x080041f6        0x2 
 .text.HAL_GPIO_Init
                0x080041f8      0x358 ./Drivers/STM32F4xx_HAL_Driver/Src/stm32f4xx_hal_gpio.o
                0x080041f8                HAL_GPIO_Init
 .text.HAL_GPIO_DeInit
                0x08004550      0x218 ./Drivers/STM32F4xx_HAL_Driver/Src/stm32f4xx_hal_gpio.o
                0x08004550                HAL_GPIO_DeInit
 .text.HAL_GPIO_ReadPin
                0x08004768       0x30 ./Drivers/STM32F4xx_HAL_Driver/Src/stm32f4xx_hal_gpio.o
                0x08004768                HAL_GPIO_ReadPin
 .text.HAL_GPIO_WritePin
                0x08004798       0x32 ./Drivers/STM32F4xx_HAL_Driver/Src/stm32f4xx_hal_gpio.o
                0x08004798                HAL_GPIO_WritePin
 *fill*         0x080047ca        0x2 
 .text.HAL_I2C_Init
                0x080047cc      0x288 ./Drivers/STM32F4xx_HAL_Driver/Src/stm32f4xx_hal_i2c.o
                0x080047cc                HAL_I2C_Init
 .text.HAL_I2CEx_ConfigAnalogFilter
                0x08004a54       0x78 ./Drivers/STM32F4xx_HAL_Driver/Src/stm32f4xx_hal_i2c_ex.o
                0x08004a54                HAL_I2CEx_ConfigAnalogFilter
 .text.HAL_I2CEx_ConfigDigitalFilter
                0x08004acc       0x7e ./Drivers/STM32F4xx_HAL_Driver/Src/stm32f4xx_hal_i2c_ex.o
                0x08004acc                HAL_I2CEx_ConfigDigitalFilter
 *fill*         0x08004b4a        0x2 
 .text.HAL_LTDC_Init
                0x08004b4c      0x1a0 ./Drivers/STM32F4xx_HAL_Driver/Src/stm32f4xx_hal_ltdc.o
                0x08004b4c                HAL_LTDC_Init
 .text.HAL_LTDC_MspInit
                0x08004cec       0x14 ./Drivers/STM32F4xx_HAL_Driver/Src/stm32f4xx_hal_ltdc.o
                0x08004cec                HAL_LTDC_MspInit
 .text.HAL_LTDC_ConfigLayer
                0x08004d00       0x7c ./Drivers/STM32F4xx_HAL_Driver/Src/stm32f4xx_hal_ltdc.o
                0x08004d00                HAL_LTDC_ConfigLayer
 .text.HAL_LTDC_Reload
                0x08004d7c       0x5e ./Drivers/STM32F4xx_HAL_Driver/Src/stm32f4xx_hal_ltdc.o
                0x08004d7c                HAL_LTDC_Reload
 .text.LTDC_SetConfig
                0x08004dda      0x32e ./Drivers/STM32F4xx_HAL_Driver/Src/stm32f4xx_hal_ltdc.o
 .text.HAL_RCC_OscConfig
                0x08005108      0x4f0 ./Drivers/STM32F4xx_HAL_Driver/Src/stm32f4xx_hal_rcc.o
                0x08005108                HAL_RCC_OscConfig
 .text.HAL_RCC_ClockConfig
                0x080055f8      0x1cc ./Drivers/STM32F4xx_HAL_Driver/Src/stm32f4xx_hal_rcc.o
                0x080055f8                HAL_RCC_ClockConfig
 .text.HAL_RCC_GetSysClockFreq
                0x080057c4      0x20c ./Drivers/STM32F4xx_HAL_Driver/Src/stm32f4xx_hal_rcc.o
                0x080057c4                HAL_RCC_GetSysClockFreq
 .text.HAL_RCC_GetHCLKFreq
                0x080059d0       0x18 ./Drivers/STM32F4xx_HAL_Driver/Src/stm32f4xx_hal_rcc.o
                0x080059d0                HAL_RCC_GetHCLKFreq
 .text.HAL_RCC_GetPCLK1Freq
                0x080059e8       0x28 ./Drivers/STM32F4xx_HAL_Driver/Src/stm32f4xx_hal_rcc.o
                0x080059e8                HAL_RCC_GetPCLK1Freq
 .text.HAL_RCCEx_PeriphCLKConfig
                0x08005a10      0x380 ./Drivers/STM32F4xx_HAL_Driver/Src/stm32f4xx_hal_rcc_ex.o
                0x08005a10                HAL_RCCEx_PeriphCLKConfig
 .text.HAL_SPI_Init
                0x08005d90      0x112 ./Drivers/STM32F4xx_HAL_Driver/Src/stm32f4xx_hal_spi.o
                0x08005d90                HAL_SPI_Init
 .text.HAL_SPI_DeInit
                0x08005ea2       0x50 ./Drivers/STM32F4xx_HAL_Driver/Src/stm32f4xx_hal_spi.o
                0x08005ea2                HAL_SPI_DeInit
 .text.HAL_SPI_Transmit
                0x08005ef2      0x288 ./Drivers/STM32F4xx_HAL_Driver/Src/stm32f4xx_hal_spi.o
                0x08005ef2                HAL_SPI_Transmit
 .text.HAL_SPI_Receive
                0x0800617a      0x232 ./Drivers/STM32F4xx_HAL_Driver/Src/stm32f4xx_hal_spi.o
                0x0800617a                HAL_SPI_Receive
 .text.HAL_SPI_TransmitReceive
                0x080063ac      0x352 ./Drivers/STM32F4xx_HAL_Driver/Src/stm32f4xx_hal_spi.o
                0x080063ac                HAL_SPI_TransmitReceive
 .text.HAL_SPI_GetState
                0x080066fe       0x1c ./Drivers/STM32F4xx_HAL_Driver/Src/stm32f4xx_hal_spi.o
                0x080066fe                HAL_SPI_GetState
 *fill*         0x0800671a        0x2 
 .text.SPI_WaitFlagStateUntilTimeout
                0x0800671c      0x110 ./Drivers/STM32F4xx_HAL_Driver/Src/stm32f4xx_hal_spi.o
 .text.SPI_EndRxTransaction
                0x0800682c       0xca ./Drivers/STM32F4xx_HAL_Driver/Src/stm32f4xx_hal_spi.o
 *fill*         0x080068f6        0x2 
 .text.SPI_EndRxTxTransaction
                0x080068f8       0xa8 ./Drivers/STM32F4xx_HAL_Driver/Src/stm32f4xx_hal_spi.o
 .text.HAL_TIM_PWM_Init
                0x080069a0       0x9e ./Drivers/STM32F4xx_HAL_Driver/Src/stm32f4xx_hal_tim.o
                0x080069a0                HAL_TIM_PWM_Init
 *fill*         0x08006a3e        0x2 
 .text.HAL_TIM_PWM_ConfigChannel
                0x08006a40      0x184 ./Drivers/STM32F4xx_HAL_Driver/Src/stm32f4xx_hal_tim.o
                0x08006a40                HAL_TIM_PWM_ConfigChannel
 .text.TIM_Base_SetConfig
                0x08006bc4      0x158 ./Drivers/STM32F4xx_HAL_Driver/Src/stm32f4xx_hal_tim.o
                0x08006bc4                TIM_Base_SetConfig
 .text.TIM_OC1_SetConfig
                0x08006d1c       0xe0 ./Drivers/STM32F4xx_HAL_Driver/Src/stm32f4xx_hal_tim.o
 .text.TIM_OC2_SetConfig
                0x08006dfc       0xec ./Drivers/STM32F4xx_HAL_Driver/Src/stm32f4xx_hal_tim.o
                0x08006dfc                TIM_OC2_SetConfig
 .text.TIM_OC3_SetConfig
                0x08006ee8       0xe8 ./Drivers/STM32F4xx_HAL_Driver/Src/stm32f4xx_hal_tim.o
 .text.TIM_OC4_SetConfig
                0x08006fd0       0xac ./Drivers/STM32F4xx_HAL_Driver/Src/stm32f4xx_hal_tim.o
 .text.HAL_TIMEx_MasterConfigSynchronization
                0x0800707c       0xf8 ./Drivers/STM32F4xx_HAL_Driver/Src/stm32f4xx_hal_tim_ex.o
                0x0800707c                HAL_TIMEx_MasterConfigSynchronization
 .text.makeFreeRtosPriority
                0x08007174       0x30 ./Middlewares/Third_Party/FreeRTOS/Source/CMSIS_RTOS/cmsis_os.o
 .text.osKernelStart
                0x080071a4        0xe ./Middlewares/Third_Party/FreeRTOS/Source/CMSIS_RTOS/cmsis_os.o
                0x080071a4                osKernelStart
 .text.osThreadCreate
                0x080071b2       0x98 ./Middlewares/Third_Party/FreeRTOS/Source/CMSIS_RTOS/cmsis_os.o
                0x080071b2                osThreadCreate
 .text.osDelay  0x0800724a       0x28 ./Middlewares/Third_Party/FreeRTOS/Source/CMSIS_RTOS/cmsis_os.o
                0x0800724a                osDelay
 .text.vListInitialise
                0x08007272       0x40 ./Middlewares/Third_Party/FreeRTOS/Source/list.o
                0x08007272                vListInitialise
 .text.vListInitialiseItem
                0x080072b2       0x1a ./Middlewares/Third_Party/FreeRTOS/Source/list.o
                0x080072b2                vListInitialiseItem
 .text.vListInsertEnd
                0x080072cc       0x48 ./Middlewares/Third_Party/FreeRTOS/Source/list.o
                0x080072cc                vListInsertEnd
 .text.vListInsert
                0x08007314       0x72 ./Middlewares/Third_Party/FreeRTOS/Source/list.o
                0x08007314                vListInsert
 .text.uxListRemove
                0x08007386       0x54 ./Middlewares/Third_Party/FreeRTOS/Source/list.o
                0x08007386                uxListRemove
 .text.xTaskCreateStatic
                0x080073da       0xc0 ./Middlewares/Third_Party/FreeRTOS/Source/tasks.o
                0x080073da                xTaskCreateStatic
 .text.xTaskCreate
                0x0800749a       0x8a ./Middlewares/Third_Party/FreeRTOS/Source/tasks.o
                0x0800749a                xTaskCreate
 .text.prvInitialiseNewTask
                0x08007524      0x110 ./Middlewares/Third_Party/FreeRTOS/Source/tasks.o
 .text.prvAddNewTaskToReadyList
                0x08007634       0xd4 ./Middlewares/Third_Party/FreeRTOS/Source/tasks.o
 .text.vTaskDelay
                0x08007708       0x6c ./Middlewares/Third_Party/FreeRTOS/Source/tasks.o
                0x08007708                vTaskDelay
 .text.vTaskStartScheduler
                0x08007774       0xc4 ./Middlewares/Third_Party/FreeRTOS/Source/tasks.o
                0x08007774                vTaskStartScheduler
 .text.vTaskSuspendAll
                0x08007838       0x1c ./Middlewares/Third_Party/FreeRTOS/Source/tasks.o
                0x08007838                vTaskSuspendAll
 .text.xTaskResumeAll
                0x08007854      0x13c ./Middlewares/Third_Party/FreeRTOS/Source/tasks.o
                0x08007854                xTaskResumeAll
 .text.xTaskIncrementTick
                0x08007990      0x174 ./Middlewares/Third_Party/FreeRTOS/Source/tasks.o
                0x08007990                xTaskIncrementTick
 .text.vTaskSwitchContext
                0x08007b04       0xb8 ./Middlewares/Third_Party/FreeRTOS/Source/tasks.o
                0x08007b04                vTaskSwitchContext
 .text.prvIdleTask
                0x08007bbc       0x30 ./Middlewares/Third_Party/FreeRTOS/Source/tasks.o
 .text.prvInitialiseTaskLists
                0x08007bec       0x80 ./Middlewares/Third_Party/FreeRTOS/Source/tasks.o
 .text.prvCheckTasksWaitingTermination
                0x08007c6c       0x5c ./Middlewares/Third_Party/FreeRTOS/Source/tasks.o
 .text.prvDeleteTCB
                0x08007cc8       0x60 ./Middlewares/Third_Party/FreeRTOS/Source/tasks.o
 .text.prvResetNextTaskUnblockTime
                0x08007d28       0x40 ./Middlewares/Third_Party/FreeRTOS/Source/tasks.o
 .text.xTaskGetSchedulerState
                0x08007d68       0x3c ./Middlewares/Third_Party/FreeRTOS/Source/tasks.o
                0x08007d68                xTaskGetSchedulerState
 .text.prvAddCurrentTaskToDelayedList
                0x08007da4       0xcc ./Middlewares/Third_Party/FreeRTOS/Source/tasks.o
 .text.pxPortInitialiseStack
                0x08007e70       0x68 ./Middlewares/Third_Party/FreeRTOS/Source/portable/GCC/ARM_CM4F/port.o
                0x08007e70                pxPortInitialiseStack
 .text.prvTaskExitError
                0x08007ed8       0x5c ./Middlewares/Third_Party/FreeRTOS/Source/portable/GCC/ARM_CM4F/port.o
 *fill*         0x08007f34        0xc 
 .text.SVC_Handler
                0x08007f40       0x28 ./Middlewares/Third_Party/FreeRTOS/Source/portable/GCC/ARM_CM4F/port.o
                0x08007f40                SVC_Handler
 .text.prvPortStartFirstTask
                0x08007f68       0x28 ./Middlewares/Third_Party/FreeRTOS/Source/portable/GCC/ARM_CM4F/port.o
 .text.xPortStartScheduler
                0x08007f90      0x148 ./Middlewares/Third_Party/FreeRTOS/Source/portable/GCC/ARM_CM4F/port.o
                0x08007f90                xPortStartScheduler
 .text.vPortEnterCritical
                0x080080d8       0x64 ./Middlewares/Third_Party/FreeRTOS/Source/portable/GCC/ARM_CM4F/port.o
                0x080080d8                vPortEnterCritical
 .text.vPortExitCritical
                0x0800813c       0x54 ./Middlewares/Third_Party/FreeRTOS/Source/portable/GCC/ARM_CM4F/port.o
                0x0800813c                vPortExitCritical
 .text.PendSV_Handler
                0x08008190       0x68 ./Middlewares/Third_Party/FreeRTOS/Source/portable/GCC/ARM_CM4F/port.o
                0x08008190                PendSV_Handler
 .text.xPortSysTickHandler
                0x080081f8       0x44 ./Middlewares/Third_Party/FreeRTOS/Source/portable/GCC/ARM_CM4F/port.o
                0x080081f8                xPortSysTickHandler
 .text.vPortSetupTimerInterrupt
                0x0800823c       0x48 ./Middlewares/Third_Party/FreeRTOS/Source/portable/GCC/ARM_CM4F/port.o
                0x0800823c                vPortSetupTimerInterrupt
 .text.vPortEnableVFP
                0x08008284       0x14 ./Middlewares/Third_Party/FreeRTOS/Source/portable/GCC/ARM_CM4F/port.o
 .text.pvPortMalloc
                0x08008298      0x19c ./Middlewares/Third_Party/FreeRTOS/Source/portable/MemMang/heap_4.o
                0x08008298                pvPortMalloc
 .text.vPortFree
                0x08008434       0xc8 ./Middlewares/Third_Party/FreeRTOS/Source/portable/MemMang/heap_4.o
                0x08008434                vPortFree
 .text.prvHeapInit
                0x080084fc       0xc4 ./Middlewares/Third_Party/FreeRTOS/Source/portable/MemMang/heap_4.o
 .text.prvInsertBlockIntoFreeList
                0x080085c0       0xb4 ./Middlewares/Third_Party/FreeRTOS/Source/portable/MemMang/heap_4.o
 .text.findslot
                0x08008674       0x34 /Applications/STM32CubeIDE.app/Contents/Eclipse/plugins/com.st.stm32cube.ide.mcu.externaltools.gnu-tools-for-stm32.12.3.rel1.macos64_1.0.200.202406191456/tools/bin/../lib/gcc/arm-none-eabi/12.3.1/../../../../arm-none-eabi/lib/thumb/v7e-m+fp/hard/librdimon_nano.a(arm_librdimon_a-syscalls.o)
 .text.error    0x080086a8       0x1c /Applications/STM32CubeIDE.app/Contents/Eclipse/plugins/com.st.stm32cube.ide.mcu.externaltools.gnu-tools-for-stm32.12.3.rel1.macos64_1.0.200.202406191456/tools/bin/../lib/gcc/arm-none-eabi/12.3.1/../../../../arm-none-eabi/lib/thumb/v7e-m+fp/hard/librdimon_nano.a(arm_librdimon_a-syscalls.o)
 .text.checkerror
                0x080086c4        0xa /Applications/STM32CubeIDE.app/Contents/Eclipse/plugins/com.st.stm32cube.ide.mcu.externaltools.gnu-tools-for-stm32.12.3.rel1.macos64_1.0.200.202406191456/tools/bin/../lib/gcc/arm-none-eabi/12.3.1/../../../../arm-none-eabi/lib/thumb/v7e-m+fp/hard/librdimon_nano.a(arm_librdimon_a-syscalls.o)
 .text._swiread
                0x080086ce       0x20 /Applications/STM32CubeIDE.app/Contents/Eclipse/plugins/com.st.stm32cube.ide.mcu.externaltools.gnu-tools-for-stm32.12.3.rel1.macos64_1.0.200.202406191456/tools/bin/../lib/gcc/arm-none-eabi/12.3.1/../../../../arm-none-eabi/lib/thumb/v7e-m+fp/hard/librdimon_nano.a(arm_librdimon_a-syscalls.o)
                0x080086ce                _swiread
 .text._read    0x080086ee       0x34 /Applications/STM32CubeIDE.app/Contents/Eclipse/plugins/com.st.stm32cube.ide.mcu.externaltools.gnu-tools-for-stm32.12.3.rel1.macos64_1.0.200.202406191456/tools/bin/../lib/gcc/arm-none-eabi/12.3.1/../../../../arm-none-eabi/lib/thumb/v7e-m+fp/hard/librdimon_nano.a(arm_librdimon_a-syscalls.o)
                0x080086ee                _read
 .text._swilseek
                0x08008722       0x78 /Applications/STM32CubeIDE.app/Contents/Eclipse/plugins/com.st.stm32cube.ide.mcu.externaltools.gnu-tools-for-stm32.12.3.rel1.macos64_1.0.200.202406191456/tools/bin/../lib/gcc/arm-none-eabi/12.3.1/../../../../arm-none-eabi/lib/thumb/v7e-m+fp/hard/librdimon_nano.a(arm_librdimon_a-syscalls.o)
                0x08008722                _swilseek
 .text._lseek   0x0800879a        0x4 /Applications/STM32CubeIDE.app/Contents/Eclipse/plugins/com.st.stm32cube.ide.mcu.externaltools.gnu-tools-for-stm32.12.3.rel1.macos64_1.0.200.202406191456/tools/bin/../lib/gcc/arm-none-eabi/12.3.1/../../../../arm-none-eabi/lib/thumb/v7e-m+fp/hard/librdimon_nano.a(arm_librdimon_a-syscalls.o)
                0x0800879a                _lseek
 .text._swiwrite
                0x0800879e       0x20 /Applications/STM32CubeIDE.app/Contents/Eclipse/plugins/com.st.stm32cube.ide.mcu.externaltools.gnu-tools-for-stm32.12.3.rel1.macos64_1.0.200.202406191456/tools/bin/../lib/gcc/arm-none-eabi/12.3.1/../../../../arm-none-eabi/lib/thumb/v7e-m+fp/hard/librdimon_nano.a(arm_librdimon_a-syscalls.o)
                0x0800879e                _swiwrite
 .text._write   0x080087be       0x40 /Applications/STM32CubeIDE.app/Contents/Eclipse/plugins/com.st.stm32cube.ide.mcu.externaltools.gnu-tools-for-stm32.12.3.rel1.macos64_1.0.200.202406191456/tools/bin/../lib/gcc/arm-none-eabi/12.3.1/../../../../arm-none-eabi/lib/thumb/v7e-m+fp/hard/librdimon_nano.a(arm_librdimon_a-syscalls.o)
                0x080087be                _write
 .text._swiclose
                0x080087fe       0x1a /Applications/STM32CubeIDE.app/Contents/Eclipse/plugins/com.st.stm32cube.ide.mcu.externaltools.gnu-tools-for-stm32.12.3.rel1.macos64_1.0.200.202406191456/tools/bin/../lib/gcc/arm-none-eabi/12.3.1/../../../../arm-none-eabi/lib/thumb/v7e-m+fp/hard/librdimon_nano.a(arm_librdimon_a-syscalls.o)
                0x080087fe                _swiclose
 .text._close   0x08008818       0x44 /Applications/STM32CubeIDE.app/Contents/Eclipse/plugins/com.st.stm32cube.ide.mcu.externaltools.gnu-tools-for-stm32.12.3.rel1.macos64_1.0.200.202406191456/tools/bin/../lib/gcc/arm-none-eabi/12.3.1/../../../../arm-none-eabi/lib/thumb/v7e-m+fp/hard/librdimon_nano.a(arm_librdimon_a-syscalls.o)
                0x08008818                _close
 .text._getpid  0x0800885c        0x4 /Applications/STM32CubeIDE.app/Contents/Eclipse/plugins/com.st.stm32cube.ide.mcu.externaltools.gnu-tools-for-stm32.12.3.rel1.macos64_1.0.200.202406191456/tools/bin/../lib/gcc/arm-none-eabi/12.3.1/../../../../arm-none-eabi/lib/thumb/v7e-m+fp/hard/librdimon_nano.a(arm_librdimon_a-syscalls.o)
                0x0800885c                _getpid
 .text._swistat
                0x08008860       0x42 /Applications/STM32CubeIDE.app/Contents/Eclipse/plugins/com.st.stm32cube.ide.mcu.externaltools.gnu-tools-for-stm32.12.3.rel1.macos64_1.0.200.202406191456/tools/bin/../lib/gcc/arm-none-eabi/12.3.1/../../../../arm-none-eabi/lib/thumb/v7e-m+fp/hard/librdimon_nano.a(arm_librdimon_a-syscalls.o)
                0x08008860                _swistat
 .text._fstat   0x080088a2       0x1c /Applications/STM32CubeIDE.app/Contents/Eclipse/plugins/com.st.stm32cube.ide.mcu.externaltools.gnu-tools-for-stm32.12.3.rel1.macos64_1.0.200.202406191456/tools/bin/../lib/gcc/arm-none-eabi/12.3.1/../../../../arm-none-eabi/lib/thumb/v7e-m+fp/hard/librdimon_nano.a(arm_librdimon_a-syscalls.o)
                0x080088a2                _fstat
 .text._stat    0x080088be       0x3a /Applications/STM32CubeIDE.app/Contents/Eclipse/plugins/com.st.stm32cube.ide.mcu.externaltools.gnu-tools-for-stm32.12.3.rel1.macos64_1.0.200.202406191456/tools/bin/../lib/gcc/arm-none-eabi/12.3.1/../../../../arm-none-eabi/lib/thumb/v7e-m+fp/hard/librdimon_nano.a(arm_librdimon_a-syscalls.o)
                0x080088be                _stat
 .text._swiopen
                0x080088f8       0xb0 /Applications/STM32CubeIDE.app/Contents/Eclipse/plugins/com.st.stm32cube.ide.mcu.externaltools.gnu-tools-for-stm32.12.3.rel1.macos64_1.0.200.202406191456/tools/bin/../lib/gcc/arm-none-eabi/12.3.1/../../../../arm-none-eabi/lib/thumb/v7e-m+fp/hard/librdimon_nano.a(arm_librdimon_a-syscalls.o)
                0x080088f8                _swiopen
 .text._get_semihosting_exts
                0x080089a8       0xb4 /Applications/STM32CubeIDE.app/Contents/Eclipse/plugins/com.st.stm32cube.ide.mcu.externaltools.gnu-tools-for-stm32.12.3.rel1.macos64_1.0.200.202406191456/tools/bin/../lib/gcc/arm-none-eabi/12.3.1/../../../../arm-none-eabi/lib/thumb/v7e-m+fp/hard/librdimon_nano.a(arm_librdimon_a-syscalls.o)
                0x080089a8                _get_semihosting_exts
 .text.initialise_semihosting_exts
                0x08008a5c       0x34 /Applications/STM32CubeIDE.app/Contents/Eclipse/plugins/com.st.stm32cube.ide.mcu.externaltools.gnu-tools-for-stm32.12.3.rel1.macos64_1.0.200.202406191456/tools/bin/../lib/gcc/arm-none-eabi/12.3.1/../../../../arm-none-eabi/lib/thumb/v7e-m+fp/hard/librdimon_nano.a(arm_librdimon_a-syscalls.o)
 .text._has_ext_stdout_stderr
                0x08008a90       0x18 /Applications/STM32CubeIDE.app/Contents/Eclipse/plugins/com.st.stm32cube.ide.mcu.externaltools.gnu-tools-for-stm32.12.3.rel1.macos64_1.0.200.202406191456/tools/bin/../lib/gcc/arm-none-eabi/12.3.1/../../../../arm-none-eabi/lib/thumb/v7e-m+fp/hard/librdimon_nano.a(arm_librdimon_a-syscalls.o)
                0x08008a90                _has_ext_stdout_stderr
 .text.initialise_monitor_handles
                0x08008aa8       0xc0 /Applications/STM32CubeIDE.app/Contents/Eclipse/plugins/com.st.stm32cube.ide.mcu.externaltools.gnu-tools-for-stm32.12.3.rel1.macos64_1.0.200.202406191456/tools/bin/../lib/gcc/arm-none-eabi/12.3.1/../../../../arm-none-eabi/lib/thumb/v7e-m+fp/hard/librdimon_nano.a(arm_librdimon_a-syscalls.o)
                0x08008aa8                initialise_monitor_handles
 .text._isatty  0x08008b68       0x3a /Applications/STM32CubeIDE.app/Contents/Eclipse/plugins/com.st.stm32cube.ide.mcu.externaltools.gnu-tools-for-stm32.12.3.rel1.macos64_1.0.200.202406191456/tools/bin/../lib/gcc/arm-none-eabi/12.3.1/../../../../arm-none-eabi/lib/thumb/v7e-m+fp/hard/librdimon_nano.a(arm_librdimon_a-syscalls.o)
                0x08008b68                _isatty
 *fill*         0x08008ba2        0x2 
 .text.__sflush_r
                0x08008ba4      0x108 /Applications/STM32CubeIDE.app/Contents/Eclipse/plugins/com.st.stm32cube.ide.mcu.externaltools.gnu-tools-for-stm32.12.3.rel1.macos64_1.0.200.202406191456/tools/bin/../lib/gcc/arm-none-eabi/12.3.1/../../../../arm-none-eabi/lib/thumb/v7e-m+fp/hard/libc_nano.a(libc_a-fflush.o)
                0x08008ba4                __sflush_r
 .text._fflush_r
                0x08008cac       0x50 /Applications/STM32CubeIDE.app/Contents/Eclipse/plugins/com.st.stm32cube.ide.mcu.externaltools.gnu-tools-for-stm32.12.3.rel1.macos64_1.0.200.202406191456/tools/bin/../lib/gcc/arm-none-eabi/12.3.1/../../../../arm-none-eabi/lib/thumb/v7e-m+fp/hard/libc_nano.a(libc_a-fflush.o)
                0x08008cac                _fflush_r
 .text.fflush   0x08008cfc       0x28 /Applications/STM32CubeIDE.app/Contents/Eclipse/plugins/com.st.stm32cube.ide.mcu.externaltools.gnu-tools-for-stm32.12.3.rel1.macos64_1.0.200.202406191456/tools/bin/../lib/gcc/arm-none-eabi/12.3.1/../../../../arm-none-eabi/lib/thumb/v7e-m+fp/hard/libc_nano.a(libc_a-fflush.o)
                0x08008cfc                fflush
 .text.rand     0x08008d24       0x7c /Applications/STM32CubeIDE.app/Contents/Eclipse/plugins/com.st.stm32cube.ide.mcu.externaltools.gnu-tools-for-stm32.12.3.rel1.macos64_1.0.200.202406191456/tools/bin/../lib/gcc/arm-none-eabi/12.3.1/../../../../arm-none-eabi/lib/thumb/v7e-m+fp/hard/libc_nano.a(libc_a-rand.o)
                0x08008d24                rand
 .text.std      0x08008da0       0x6c /Applications/STM32CubeIDE.app/Contents/Eclipse/plugins/com.st.stm32cube.ide.mcu.externaltools.gnu-tools-for-stm32.12.3.rel1.macos64_1.0.200.202406191456/tools/bin/../lib/gcc/arm-none-eabi/12.3.1/../../../../arm-none-eabi/lib/thumb/v7e-m+fp/hard/libc_nano.a(libc_a-findfp.o)
 .text.stdio_exit_handler
                0x08008e0c       0x18 /Applications/STM32CubeIDE.app/Contents/Eclipse/plugins/com.st.stm32cube.ide.mcu.externaltools.gnu-tools-for-stm32.12.3.rel1.macos64_1.0.200.202406191456/tools/bin/../lib/gcc/arm-none-eabi/12.3.1/../../../../arm-none-eabi/lib/thumb/v7e-m+fp/hard/libc_nano.a(libc_a-findfp.o)
 .text.cleanup_stdio
                0x08008e24       0x40 /Applications/STM32CubeIDE.app/Contents/Eclipse/plugins/com.st.stm32cube.ide.mcu.externaltools.gnu-tools-for-stm32.12.3.rel1.macos64_1.0.200.202406191456/tools/bin/../lib/gcc/arm-none-eabi/12.3.1/../../../../arm-none-eabi/lib/thumb/v7e-m+fp/hard/libc_nano.a(libc_a-findfp.o)
 .text.global_stdio_init.part.0
                0x08008e64       0x3c /Applications/STM32CubeIDE.app/Contents/Eclipse/plugins/com.st.stm32cube.ide.mcu.externaltools.gnu-tools-for-stm32.12.3.rel1.macos64_1.0.200.202406191456/tools/bin/../lib/gcc/arm-none-eabi/12.3.1/../../../../arm-none-eabi/lib/thumb/v7e-m+fp/hard/libc_nano.a(libc_a-findfp.o)
 .text.__sfp_lock_acquire
                0x08008ea0        0xc /Applications/STM32CubeIDE.app/Contents/Eclipse/plugins/com.st.stm32cube.ide.mcu.externaltools.gnu-tools-for-stm32.12.3.rel1.macos64_1.0.200.202406191456/tools/bin/../lib/gcc/arm-none-eabi/12.3.1/../../../../arm-none-eabi/lib/thumb/v7e-m+fp/hard/libc_nano.a(libc_a-findfp.o)
                0x08008ea0                __sfp_lock_acquire
 .text.__sfp_lock_release
                0x08008eac        0xc /Applications/STM32CubeIDE.app/Contents/Eclipse/plugins/com.st.stm32cube.ide.mcu.externaltools.gnu-tools-for-stm32.12.3.rel1.macos64_1.0.200.202406191456/tools/bin/../lib/gcc/arm-none-eabi/12.3.1/../../../../arm-none-eabi/lib/thumb/v7e-m+fp/hard/libc_nano.a(libc_a-findfp.o)
                0x08008eac                __sfp_lock_release
 .text.__sinit  0x08008eb8       0x30 /Applications/STM32CubeIDE.app/Contents/Eclipse/plugins/com.st.stm32cube.ide.mcu.externaltools.gnu-tools-for-stm32.12.3.rel1.macos64_1.0.200.202406191456/tools/bin/../lib/gcc/arm-none-eabi/12.3.1/../../../../arm-none-eabi/lib/thumb/v7e-m+fp/hard/libc_nano.a(libc_a-findfp.o)
                0x08008eb8                __sinit
 .text._fwalk_sglue
                0x08008ee8       0x3c /Applications/STM32CubeIDE.app/Contents/Eclipse/plugins/com.st.stm32cube.ide.mcu.externaltools.gnu-tools-for-stm32.12.3.rel1.macos64_1.0.200.202406191456/tools/bin/../lib/gcc/arm-none-eabi/12.3.1/../../../../arm-none-eabi/lib/thumb/v7e-m+fp/hard/libc_nano.a(libc_a-fwalk.o)
                0x08008ee8                _fwalk_sglue
 .text.printf   0x08008f24       0x24 /Applications/STM32CubeIDE.app/Contents/Eclipse/plugins/com.st.stm32cube.ide.mcu.externaltools.gnu-tools-for-stm32.12.3.rel1.macos64_1.0.200.202406191456/tools/bin/../lib/gcc/arm-none-eabi/12.3.1/../../../../arm-none-eabi/lib/thumb/v7e-m+fp/hard/libc_nano.a(libc_a-printf.o)
                0x08008f24                printf
                0x08008f24                iprintf
 .text._puts_r  0x08008f48       0xaa /Applications/STM32CubeIDE.app/Contents/Eclipse/plugins/com.st.stm32cube.ide.mcu.externaltools.gnu-tools-for-stm32.12.3.rel1.macos64_1.0.200.202406191456/tools/bin/../lib/gcc/arm-none-eabi/12.3.1/../../../../arm-none-eabi/lib/thumb/v7e-m+fp/hard/libc_nano.a(libc_a-puts.o)
                0x08008f48                _puts_r
 *fill*         0x08008ff2        0x2 
 .text.puts     0x08008ff4       0x10 /Applications/STM32CubeIDE.app/Contents/Eclipse/plugins/com.st.stm32cube.ide.mcu.externaltools.gnu-tools-for-stm32.12.3.rel1.macos64_1.0.200.202406191456/tools/bin/../lib/gcc/arm-none-eabi/12.3.1/../../../../arm-none-eabi/lib/thumb/v7e-m+fp/hard/libc_nano.a(libc_a-puts.o)
                0x08008ff4                puts
 .text.memset   0x08009004       0x10 /Applications/STM32CubeIDE.app/Contents/Eclipse/plugins/com.st.stm32cube.ide.mcu.externaltools.gnu-tools-for-stm32.12.3.rel1.macos64_1.0.200.202406191456/tools/bin/../lib/gcc/arm-none-eabi/12.3.1/../../../../arm-none-eabi/lib/thumb/v7e-m+fp/hard/libc_nano.a(libc_a-memset.o)
                0x08009004                memset
 .text.__errno  0x08009014        0xc /Applications/STM32CubeIDE.app/Contents/Eclipse/plugins/com.st.stm32cube.ide.mcu.externaltools.gnu-tools-for-stm32.12.3.rel1.macos64_1.0.200.202406191456/tools/bin/../lib/gcc/arm-none-eabi/12.3.1/../../../../arm-none-eabi/lib/thumb/v7e-m+fp/hard/libc_nano.a(libc_a-errno.o)
                0x08009014                __errno
 .text.__libc_init_array
                0x08009020       0x48 /Applications/STM32CubeIDE.app/Contents/Eclipse/plugins/com.st.stm32cube.ide.mcu.externaltools.gnu-tools-for-stm32.12.3.rel1.macos64_1.0.200.202406191456/tools/bin/../lib/gcc/arm-none-eabi/12.3.1/../../../../arm-none-eabi/lib/thumb/v7e-m+fp/hard/libc_nano.a(libc_a-init.o)
                0x08009020                __libc_init_array
 .text.__retarget_lock_init_recursive
                0x08009068        0x2 /Applications/STM32CubeIDE.app/Contents/Eclipse/plugins/com.st.stm32cube.ide.mcu.externaltools.gnu-tools-for-stm32.12.3.rel1.macos64_1.0.200.202406191456/tools/bin/../lib/gcc/arm-none-eabi/12.3.1/../../../../arm-none-eabi/lib/thumb/v7e-m+fp/hard/libc_nano.a(libc_a-lock.o)
                0x08009068                __retarget_lock_init_recursive
 .text.__retarget_lock_acquire_recursive
                0x0800906a        0x2 /Applications/STM32CubeIDE.app/Contents/Eclipse/plugins/com.st.stm32cube.ide.mcu.externaltools.gnu-tools-for-stm32.12.3.rel1.macos64_1.0.200.202406191456/tools/bin/../lib/gcc/arm-none-eabi/12.3.1/../../../../arm-none-eabi/lib/thumb/v7e-m+fp/hard/libc_nano.a(libc_a-lock.o)
                0x0800906a                __retarget_lock_acquire_recursive
 .text.__retarget_lock_release_recursive
                0x0800906c        0x2 /Applications/STM32CubeIDE.app/Contents/Eclipse/plugins/com.st.stm32cube.ide.mcu.externaltools.gnu-tools-for-stm32.12.3.rel1.macos64_1.0.200.202406191456/tools/bin/../lib/gcc/arm-none-eabi/12.3.1/../../../../arm-none-eabi/lib/thumb/v7e-m+fp/hard/libc_nano.a(libc_a-lock.o)
                0x0800906c                __retarget_lock_release_recursive
 *fill*         0x0800906e        0x2 
 .text.__assert_func
                0x08009070       0x3c /Applications/STM32CubeIDE.app/Contents/Eclipse/plugins/com.st.stm32cube.ide.mcu.externaltools.gnu-tools-for-stm32.12.3.rel1.macos64_1.0.200.202406191456/tools/bin/../lib/gcc/arm-none-eabi/12.3.1/../../../../arm-none-eabi/lib/thumb/v7e-m+fp/hard/libc_nano.a(libc_a-assert.o)
                0x08009070                __assert_func
 .text._free_r  0x080090ac       0x94 /Applications/STM32CubeIDE.app/Contents/Eclipse/plugins/com.st.stm32cube.ide.mcu.externaltools.gnu-tools-for-stm32.12.3.rel1.macos64_1.0.200.202406191456/tools/bin/../lib/gcc/arm-none-eabi/12.3.1/../../../../arm-none-eabi/lib/thumb/v7e-m+fp/hard/libc_nano.a(libc_a-freer.o)
                0x080090ac                _free_r
 .text.__sfputc_r
                0x08009140       0x2e /Applications/STM32CubeIDE.app/Contents/Eclipse/plugins/com.st.stm32cube.ide.mcu.externaltools.gnu-tools-for-stm32.12.3.rel1.macos64_1.0.200.202406191456/tools/bin/../lib/gcc/arm-none-eabi/12.3.1/../../../../arm-none-eabi/lib/thumb/v7e-m+fp/hard/libc_nano.a(libc_a-nano-vfprintf.o)
 .text.__sfputs_r
                0x0800916e       0x24 /Applications/STM32CubeIDE.app/Contents/Eclipse/plugins/com.st.stm32cube.ide.mcu.externaltools.gnu-tools-for-stm32.12.3.rel1.macos64_1.0.200.202406191456/tools/bin/../lib/gcc/arm-none-eabi/12.3.1/../../../../arm-none-eabi/lib/thumb/v7e-m+fp/hard/libc_nano.a(libc_a-nano-vfprintf.o)
                0x0800916e                __sfputs_r
 *fill*         0x08009192        0x2 
 .text._vfprintf_r
                0x08009194      0x230 /Applications/STM32CubeIDE.app/Contents/Eclipse/plugins/com.st.stm32cube.ide.mcu.externaltools.gnu-tools-for-stm32.12.3.rel1.macos64_1.0.200.202406191456/tools/bin/../lib/gcc/arm-none-eabi/12.3.1/../../../../arm-none-eabi/lib/thumb/v7e-m+fp/hard/libc_nano.a(libc_a-nano-vfprintf.o)
                0x08009194                _vfiprintf_r
                0x08009194                _vfprintf_r
 .text.malloc   0x080093c4       0x10 /Applications/STM32CubeIDE.app/Contents/Eclipse/plugins/com.st.stm32cube.ide.mcu.externaltools.gnu-tools-for-stm32.12.3.rel1.macos64_1.0.200.202406191456/tools/bin/../lib/gcc/arm-none-eabi/12.3.1/../../../../arm-none-eabi/lib/thumb/v7e-m+fp/hard/libc_nano.a(libc_a-malloc.o)
                0x080093c4                malloc
 .text.sbrk_aligned
                0x080093d4       0x44 /Applications/STM32CubeIDE.app/Contents/Eclipse/plugins/com.st.stm32cube.ide.mcu.externaltools.gnu-tools-for-stm32.12.3.rel1.macos64_1.0.200.202406191456/tools/bin/../lib/gcc/arm-none-eabi/12.3.1/../../../../arm-none-eabi/lib/thumb/v7e-m+fp/hard/libc_nano.a(libc_a-mallocr.o)
 .text._malloc_r
                0x08009418      0x100 /Applications/STM32CubeIDE.app/Contents/Eclipse/plugins/com.st.stm32cube.ide.mcu.externaltools.gnu-tools-for-stm32.12.3.rel1.macos64_1.0.200.202406191456/tools/bin/../lib/gcc/arm-none-eabi/12.3.1/../../../../arm-none-eabi/lib/thumb/v7e-m+fp/hard/libc_nano.a(libc_a-mallocr.o)
                0x08009418                _malloc_r
 .text._printf_common
                0x08009518       0xda /Applications/STM32CubeIDE.app/Contents/Eclipse/plugins/com.st.stm32cube.ide.mcu.externaltools.gnu-tools-for-stm32.12.3.rel1.macos64_1.0.200.202406191456/tools/bin/../lib/gcc/arm-none-eabi/12.3.1/../../../../arm-none-eabi/lib/thumb/v7e-m+fp/hard/libc_nano.a(libc_a-nano-vfprintf_i.o)
                0x08009518                _printf_common
 *fill*         0x080095f2        0x2 
 .text._printf_i
                0x080095f4      0x240 /Applications/STM32CubeIDE.app/Contents/Eclipse/plugins/com.st.stm32cube.ide.mcu.externaltools.gnu-tools-for-stm32.12.3.rel1.macos64_1.0.200.202406191456/tools/bin/../lib/gcc/arm-none-eabi/12.3.1/../../../../arm-none-eabi/lib/thumb/v7e-m+fp/hard/libc_nano.a(libc_a-nano-vfprintf_i.o)
                0x080095f4                _printf_i
 .text.__malloc_lock
                0x08009834        0xc /Applications/STM32CubeIDE.app/Contents/Eclipse/plugins/com.st.stm32cube.ide.mcu.externaltools.gnu-tools-for-stm32.12.3.rel1.macos64_1.0.200.202406191456/tools/bin/../lib/gcc/arm-none-eabi/12.3.1/../../../../arm-none-eabi/lib/thumb/v7e-m+fp/hard/libc_nano.a(libc_a-mlock.o)
                0x08009834                __malloc_lock
 .text.__malloc_unlock
                0x08009840        0xc /Applications/STM32CubeIDE.app/Contents/Eclipse/plugins/com.st.stm32cube.ide.mcu.externaltools.gnu-tools-for-stm32.12.3.rel1.macos64_1.0.200.202406191456/tools/bin/../lib/gcc/arm-none-eabi/12.3.1/../../../../arm-none-eabi/lib/thumb/v7e-m+fp/hard/libc_nano.a(libc_a-mlock.o)
                0x08009840                __malloc_unlock
 .text.__sread  0x0800984c       0x22 /Applications/STM32CubeIDE.app/Contents/Eclipse/plugins/com.st.stm32cube.ide.mcu.externaltools.gnu-tools-for-stm32.12.3.rel1.macos64_1.0.200.202406191456/tools/bin/../lib/gcc/arm-none-eabi/12.3.1/../../../../arm-none-eabi/lib/thumb/v7e-m+fp/hard/libc_nano.a(libc_a-stdio.o)
                0x0800984c                __sread
 .text.__swrite
                0x0800986e       0x38 /Applications/STM32CubeIDE.app/Contents/Eclipse/plugins/com.st.stm32cube.ide.mcu.externaltools.gnu-tools-for-stm32.12.3.rel1.macos64_1.0.200.202406191456/tools/bin/../lib/gcc/arm-none-eabi/12.3.1/../../../../arm-none-eabi/lib/thumb/v7e-m+fp/hard/libc_nano.a(libc_a-stdio.o)
                0x0800986e                __swrite
 .text.__sseek  0x080098a6       0x24 /Applications/STM32CubeIDE.app/Contents/Eclipse/plugins/com.st.stm32cube.ide.mcu.externaltools.gnu-tools-for-stm32.12.3.rel1.macos64_1.0.200.202406191456/tools/bin/../lib/gcc/arm-none-eabi/12.3.1/../../../../arm-none-eabi/lib/thumb/v7e-m+fp/hard/libc_nano.a(libc_a-stdio.o)
                0x080098a6                __sseek
 .text.__sclose
                0x080098ca        0x8 /Applications/STM32CubeIDE.app/Contents/Eclipse/plugins/com.st.stm32cube.ide.mcu.externaltools.gnu-tools-for-stm32.12.3.rel1.macos64_1.0.200.202406191456/tools/bin/../lib/gcc/arm-none-eabi/12.3.1/../../../../arm-none-eabi/lib/thumb/v7e-m+fp/hard/libc_nano.a(libc_a-stdio.o)
                0x080098ca                __sclose
 *fill*         0x080098d2        0x2 
 .text.fprintf  0x080098d4       0x24 /Applications/STM32CubeIDE.app/Contents/Eclipse/plugins/com.st.stm32cube.ide.mcu.externaltools.gnu-tools-for-stm32.12.3.rel1.macos64_1.0.200.202406191456/tools/bin/../lib/gcc/arm-none-eabi/12.3.1/../../../../arm-none-eabi/lib/thumb/v7e-m+fp/hard/libc_nano.a(libc_a-fprintf.o)
                0x080098d4                fprintf
                0x080098d4                fiprintf
 .text.__swbuf_r
                0x080098f8       0x7c /Applications/STM32CubeIDE.app/Contents/Eclipse/plugins/com.st.stm32cube.ide.mcu.externaltools.gnu-tools-for-stm32.12.3.rel1.macos64_1.0.200.202406191456/tools/bin/../lib/gcc/arm-none-eabi/12.3.1/../../../../arm-none-eabi/lib/thumb/v7e-m+fp/hard/libc_nano.a(libc_a-wbuf.o)
                0x080098f8                __swbuf_r
 .text.__swsetup_r
                0x08009974       0xac /Applications/STM32CubeIDE.app/Contents/Eclipse/plugins/com.st.stm32cube.ide.mcu.externaltools.gnu-tools-for-stm32.12.3.rel1.macos64_1.0.200.202406191456/tools/bin/../lib/gcc/arm-none-eabi/12.3.1/../../../../arm-none-eabi/lib/thumb/v7e-m+fp/hard/libc_nano.a(libc_a-wsetup.o)
                0x08009974                __swsetup_r
 .text.__swhatbuf_r
                0x08009a20       0x4c /Applications/STM32CubeIDE.app/Contents/Eclipse/plugins/com.st.stm32cube.ide.mcu.externaltools.gnu-tools-for-stm32.12.3.rel1.macos64_1.0.200.202406191456/tools/bin/../lib/gcc/arm-none-eabi/12.3.1/../../../../arm-none-eabi/lib/thumb/v7e-m+fp/hard/libc_nano.a(libc_a-makebuf.o)
                0x08009a20                __swhatbuf_r
 .text.__smakebuf_r
                0x08009a6c       0x78 /Applications/STM32CubeIDE.app/Contents/Eclipse/plugins/com.st.stm32cube.ide.mcu.externaltools.gnu-tools-for-stm32.12.3.rel1.macos64_1.0.200.202406191456/tools/bin/../lib/gcc/arm-none-eabi/12.3.1/../../../../arm-none-eabi/lib/thumb/v7e-m+fp/hard/libc_nano.a(libc_a-makebuf.o)
                0x08009a6c                __smakebuf_r
 .text._close_r
                0x08009ae4       0x20 /Applications/STM32CubeIDE.app/Contents/Eclipse/plugins/com.st.stm32cube.ide.mcu.externaltools.gnu-tools-for-stm32.12.3.rel1.macos64_1.0.200.202406191456/tools/bin/../lib/gcc/arm-none-eabi/12.3.1/../../../../arm-none-eabi/lib/thumb/v7e-m+fp/hard/libc_nano.a(libc_a-closer.o)
                0x08009ae4                _close_r
 .text._fstat_r
                0x08009b04       0x24 /Applications/STM32CubeIDE.app/Contents/Eclipse/plugins/com.st.stm32cube.ide.mcu.externaltools.gnu-tools-for-stm32.12.3.rel1.macos64_1.0.200.202406191456/tools/bin/../lib/gcc/arm-none-eabi/12.3.1/../../../../arm-none-eabi/lib/thumb/v7e-m+fp/hard/libc_nano.a(libc_a-fstatr.o)
                0x08009b04                _fstat_r
 .text._isatty_r
                0x08009b28       0x20 /Applications/STM32CubeIDE.app/Contents/Eclipse/plugins/com.st.stm32cube.ide.mcu.externaltools.gnu-tools-for-stm32.12.3.rel1.macos64_1.0.200.202406191456/tools/bin/../lib/gcc/arm-none-eabi/12.3.1/../../../../arm-none-eabi/lib/thumb/v7e-m+fp/hard/libc_nano.a(libc_a-isattyr.o)
                0x08009b28                _isatty_r
 .text._lseek_r
                0x08009b48       0x24 /Applications/STM32CubeIDE.app/Contents/Eclipse/plugins/com.st.stm32cube.ide.mcu.externaltools.gnu-tools-for-stm32.12.3.rel1.macos64_1.0.200.202406191456/tools/bin/../lib/gcc/arm-none-eabi/12.3.1/../../../../arm-none-eabi/lib/thumb/v7e-m+fp/hard/libc_nano.a(libc_a-lseekr.o)
                0x08009b48                _lseek_r
 .text._read_r  0x08009b6c       0x24 /Applications/STM32CubeIDE.app/Contents/Eclipse/plugins/com.st.stm32cube.ide.mcu.externaltools.gnu-tools-for-stm32.12.3.rel1.macos64_1.0.200.202406191456/tools/bin/../lib/gcc/arm-none-eabi/12.3.1/../../../../arm-none-eabi/lib/thumb/v7e-m+fp/hard/libc_nano.a(libc_a-readr.o)
                0x08009b6c                _read_r
 .text._sbrk_r  0x08009b90       0x20 /Applications/STM32CubeIDE.app/Contents/Eclipse/plugins/com.st.stm32cube.ide.mcu.externaltools.gnu-tools-for-stm32.12.3.rel1.macos64_1.0.200.202406191456/tools/bin/../lib/gcc/arm-none-eabi/12.3.1/../../../../arm-none-eabi/lib/thumb/v7e-m+fp/hard/libc_nano.a(libc_a-sbrkr.o)
                0x08009b90                _sbrk_r
 .text._write_r
                0x08009bb0       0x24 /Applications/STM32CubeIDE.app/Contents/Eclipse/plugins/com.st.stm32cube.ide.mcu.externaltools.gnu-tools-for-stm32.12.3.rel1.macos64_1.0.200.202406191456/tools/bin/../lib/gcc/arm-none-eabi/12.3.1/../../../../arm-none-eabi/lib/thumb/v7e-m+fp/hard/libc_nano.a(libc_a-writer.o)
                0x08009bb0                _write_r
 .text.abort    0x08009bd4        0xe /Applications/STM32CubeIDE.app/Contents/Eclipse/plugins/com.st.stm32cube.ide.mcu.externaltools.gnu-tools-for-stm32.12.3.rel1.macos64_1.0.200.202406191456/tools/bin/../lib/gcc/arm-none-eabi/12.3.1/../../../../arm-none-eabi/lib/thumb/v7e-m+fp/hard/libc_nano.a(libc_a-abort.o)
                0x08009bd4                abort
 .text._raise_r
                0x08009be2       0x50 /Applications/STM32CubeIDE.app/Contents/Eclipse/plugins/com.st.stm32cube.ide.mcu.externaltools.gnu-tools-for-stm32.12.3.rel1.macos64_1.0.200.202406191456/tools/bin/../lib/gcc/arm-none-eabi/12.3.1/../../../../arm-none-eabi/lib/thumb/v7e-m+fp/hard/libc_nano.a(libc_a-signal.o)
                0x08009be2                _raise_r
 *fill*         0x08009c32        0x2 
 .text.raise    0x08009c34       0x10 /Applications/STM32CubeIDE.app/Contents/Eclipse/plugins/com.st.stm32cube.ide.mcu.externaltools.gnu-tools-for-stm32.12.3.rel1.macos64_1.0.200.202406191456/tools/bin/../lib/gcc/arm-none-eabi/12.3.1/../../../../arm-none-eabi/lib/thumb/v7e-m+fp/hard/libc_nano.a(libc_a-signal.o)
                0x08009c34                raise
 .text._kill_r  0x08009c44       0x24 /Applications/STM32CubeIDE.app/Contents/Eclipse/plugins/com.st.stm32cube.ide.mcu.externaltools.gnu-tools-for-stm32.12.3.rel1.macos64_1.0.200.202406191456/tools/bin/../lib/gcc/arm-none-eabi/12.3.1/../../../../arm-none-eabi/lib/thumb/v7e-m+fp/hard/libc_nano.a(libc_a-signalr.o)
                0x08009c44                _kill_r
 .text._getpid_r
                0x08009c68        0x4 /Applications/STM32CubeIDE.app/Contents/Eclipse/plugins/com.st.stm32cube.ide.mcu.externaltools.gnu-tools-for-stm32.12.3.rel1.macos64_1.0.200.202406191456/tools/bin/../lib/gcc/arm-none-eabi/12.3.1/../../../../arm-none-eabi/lib/thumb/v7e-m+fp/hard/libc_nano.a(libc_a-signalr.o)
                0x08009c68                _getpid_r
 .text._kill    0x08009c6c       0x10 /Applications/STM32CubeIDE.app/Contents/Eclipse/plugins/com.st.stm32cube.ide.mcu.externaltools.gnu-tools-for-stm32.12.3.rel1.macos64_1.0.200.202406191456/tools/bin/../lib/gcc/arm-none-eabi/12.3.1/../../../../arm-none-eabi/lib/thumb/v7e-m+fp/hard/libnosys.a(kill.o)
                0x08009c6c                _kill
 .text._exit    0x08009c7c        0x2 /Applications/STM32CubeIDE.app/Contents/Eclipse/plugins/com.st.stm32cube.ide.mcu.externaltools.gnu-tools-for-stm32.12.3.rel1.macos64_1.0.200.202406191456/tools/bin/../lib/gcc/arm-none-eabi/12.3.1/../../../../arm-none-eabi/lib/thumb/v7e-m+fp/hard/libnosys.a(_exit.o)
                0x08009c7c                _exit
 *(.glue_7)
 .glue_7        0x08009c7e        0x0 linker stubs
 *(.glue_7t)
 .glue_7t       0x08009c7e        0x0 linker stubs
 *(.eh_frame)
 *fill*         0x08009c7e        0x2 
 .eh_frame      0x08009c80        0x0 /Applications/STM32CubeIDE.app/Contents/Eclipse/plugins/com.st.stm32cube.ide.mcu.externaltools.gnu-tools-for-stm32.12.3.rel1.macos64_1.0.200.202406191456/tools/bin/../lib/gcc/arm-none-eabi/12.3.1/thumb/v7e-m+fp/hard/crtbegin.o
 *(.init)
 .init          0x08009c80        0x4 /Applications/STM32CubeIDE.app/Contents/Eclipse/plugins/com.st.stm32cube.ide.mcu.externaltools.gnu-tools-for-stm32.12.3.rel1.macos64_1.0.200.202406191456/tools/bin/../lib/gcc/arm-none-eabi/12.3.1/thumb/v7e-m+fp/hard/crti.o
                0x08009c80                _init
 .init          0x08009c84        0x8 /Applications/STM32CubeIDE.app/Contents/Eclipse/plugins/com.st.stm32cube.ide.mcu.externaltools.gnu-tools-for-stm32.12.3.rel1.macos64_1.0.200.202406191456/tools/bin/../lib/gcc/arm-none-eabi/12.3.1/thumb/v7e-m+fp/hard/crtn.o
 *(.fini)
 .fini          0x08009c8c        0x4 /Applications/STM32CubeIDE.app/Contents/Eclipse/plugins/com.st.stm32cube.ide.mcu.externaltools.gnu-tools-for-stm32.12.3.rel1.macos64_1.0.200.202406191456/tools/bin/../lib/gcc/arm-none-eabi/12.3.1/thumb/v7e-m+fp/hard/crti.o
                0x08009c8c                _fini
 .fini          0x08009c90        0x8 /Applications/STM32CubeIDE.app/Contents/Eclipse/plugins/com.st.stm32cube.ide.mcu.externaltools.gnu-tools-for-stm32.12.3.rel1.macos64_1.0.200.202406191456/tools/bin/../lib/gcc/arm-none-eabi/12.3.1/thumb/v7e-m+fp/hard/crtn.o
                0x08009c98                        . = ALIGN (0x4)
                0x08009c98                        _etext = .

.vfp11_veneer   0x08009c98        0x0
 .vfp11_veneer  0x08009c98        0x0 linker stubs

.v4_bx          0x08009c98        0x0
 .v4_bx         0x08009c98        0x0 linker stubs

.iplt           0x08009c98        0x0
 .iplt          0x08009c98        0x0 /Applications/STM32CubeIDE.app/Contents/Eclipse/plugins/com.st.stm32cube.ide.mcu.externaltools.gnu-tools-for-stm32.12.3.rel1.macos64_1.0.200.202406191456/tools/bin/../lib/gcc/arm-none-eabi/12.3.1/thumb/v7e-m+fp/hard/crtbegin.o

.rodata         0x08009c98     0x15ac
                0x08009c98                        . = ALIGN (0x4)
 *(.rodata)
 .rodata        0x08009c98       0x15 ./Core/Src/Button_Task.o
 *fill*         0x08009cad        0x3 
 .rodata        0x08009cb0       0x2d ./Core/Src/Collision.o
 *fill*         0x08009cdd        0x3 
 .rodata        0x08009ce0       0x69 ./Core/Src/Display_Task.o
 *fill*         0x08009d49        0x3 
 .rodata        0x08009d4c       0x1b ./Core/Src/Gyro_Driver.o
 *fill*         0x08009d67        0x1 
 .rodata        0x08009d68       0x53 ./Core/Src/Main_Menu.o
 *fill*         0x08009dbb        0x1 
 .rodata        0x08009dbc       0x95 ./Core/Src/Shield.o
 *fill*         0x08009e51        0x3 
 .rodata        0x08009e54      0x108 ./Core/Src/main.o
 .rodata        0x08009f5c        0x5 ./Middlewares/Third_Party/FreeRTOS/Source/tasks.o
 *(.rodata*)
 *fill*         0x08009f61        0x3 
 .rodata.ASCII16x24_Table
                0x08009f64     0x11d0 ./Core/Src/fonts.o
                0x08009f64                ASCII16x24_Table
 .rodata.AHBPrescTable
                0x0800b134       0x10 ./Core/Src/system_stm32f4xx.o
                0x0800b134                AHBPrescTable
 .rodata.APBPrescTable
                0x0800b144        0x8 ./Core/Src/system_stm32f4xx.o
                0x0800b144                APBPrescTable
 .rodata._get_semihosting_exts.str1.1
                0x0800b14c       0x16 /Applications/STM32CubeIDE.app/Contents/Eclipse/plugins/com.st.stm32cube.ide.mcu.externaltools.gnu-tools-for-stm32.12.3.rel1.macos64_1.0.200.202406191456/tools/bin/../lib/gcc/arm-none-eabi/12.3.1/../../../../arm-none-eabi/lib/thumb/v7e-m+fp/hard/librdimon_nano.a(arm_librdimon_a-syscalls.o)
 .rodata.initialise_monitor_handles.str1.1
                0x0800b162        0x4 /Applications/STM32CubeIDE.app/Contents/Eclipse/plugins/com.st.stm32cube.ide.mcu.externaltools.gnu-tools-for-stm32.12.3.rel1.macos64_1.0.200.202406191456/tools/bin/../lib/gcc/arm-none-eabi/12.3.1/../../../../arm-none-eabi/lib/thumb/v7e-m+fp/hard/librdimon_nano.a(arm_librdimon_a-syscalls.o)
 .rodata.srand.str1.1
                0x0800b166       0x6f /Applications/STM32CubeIDE.app/Contents/Eclipse/plugins/com.st.stm32cube.ide.mcu.externaltools.gnu-tools-for-stm32.12.3.rel1.macos64_1.0.200.202406191456/tools/bin/../lib/gcc/arm-none-eabi/12.3.1/../../../../arm-none-eabi/lib/thumb/v7e-m+fp/hard/libc_nano.a(libc_a-rand.o)
 .rodata.__assert_func.str1.1
                0x0800b1d5       0x3c /Applications/STM32CubeIDE.app/Contents/Eclipse/plugins/com.st.stm32cube.ide.mcu.externaltools.gnu-tools-for-stm32.12.3.rel1.macos64_1.0.200.202406191456/tools/bin/../lib/gcc/arm-none-eabi/12.3.1/../../../../arm-none-eabi/lib/thumb/v7e-m+fp/hard/libc_nano.a(libc_a-assert.o)
                                 0x3d (size before relaxing)
 .rodata._vfprintf_r.str1.1
                0x0800b211       0x11 /Applications/STM32CubeIDE.app/Contents/Eclipse/plugins/com.st.stm32cube.ide.mcu.externaltools.gnu-tools-for-stm32.12.3.rel1.macos64_1.0.200.202406191456/tools/bin/../lib/gcc/arm-none-eabi/12.3.1/../../../../arm-none-eabi/lib/thumb/v7e-m+fp/hard/libc_nano.a(libc_a-nano-vfprintf.o)
 .rodata._printf_i.str1.1
                0x0800b222       0x22 /Applications/STM32CubeIDE.app/Contents/Eclipse/plugins/com.st.stm32cube.ide.mcu.externaltools.gnu-tools-for-stm32.12.3.rel1.macos64_1.0.200.202406191456/tools/bin/../lib/gcc/arm-none-eabi/12.3.1/../../../../arm-none-eabi/lib/thumb/v7e-m+fp/hard/libc_nano.a(libc_a-nano-vfprintf_i.o)
                0x0800b244                        . = ALIGN (0x4)

.ARM.extab      0x0800b244        0x0
                0x0800b244                        . = ALIGN (0x4)
 *(.ARM.extab* .gnu.linkonce.armextab.*)
                0x0800b244                        . = ALIGN (0x4)

.ARM            0x0800b244        0x8
                0x0800b244                        . = ALIGN (0x4)
                0x0800b244                        __exidx_start = .
 *(.ARM.exidx*)
 .ARM.exidx     0x0800b244        0x8 /Applications/STM32CubeIDE.app/Contents/Eclipse/plugins/com.st.stm32cube.ide.mcu.externaltools.gnu-tools-for-stm32.12.3.rel1.macos64_1.0.200.202406191456/tools/bin/../lib/gcc/arm-none-eabi/12.3.1/../../../../arm-none-eabi/lib/thumb/v7e-m+fp/hard/libc_nano.a(libc_a-strlen.o)
 .ARM.exidx     0x0800b24c        0x0 /Applications/STM32CubeIDE.app/Contents/Eclipse/plugins/com.st.stm32cube.ide.mcu.externaltools.gnu-tools-for-stm32.12.3.rel1.macos64_1.0.200.202406191456/tools/bin/../lib/gcc/arm-none-eabi/12.3.1/../../../../arm-none-eabi/lib/thumb/v7e-m+fp/hard/libc_nano.a(libc_a-memchr.o)
                                  0x8 (size before relaxing)
 .ARM.exidx     0x0800b24c        0x0 /Applications/STM32CubeIDE.app/Contents/Eclipse/plugins/com.st.stm32cube.ide.mcu.externaltools.gnu-tools-for-stm32.12.3.rel1.macos64_1.0.200.202406191456/tools/bin/../lib/gcc/arm-none-eabi/12.3.1/thumb/v7e-m+fp/hard/libgcc.a(_udivmoddi4.o)
                                  0x8 (size before relaxing)
                0x0800b24c                        __exidx_end = .
                0x0800b24c                        . = ALIGN (0x4)

.preinit_array  0x0800b24c        0x0
                0x0800b24c                        . = ALIGN (0x4)
                0x0800b24c                        PROVIDE (__preinit_array_start = .)
 *(.preinit_array*)
                0x0800b24c                        PROVIDE (__preinit_array_end = .)
                0x0800b24c                        . = ALIGN (0x4)

.init_array     0x0800b24c        0x4
                0x0800b24c                        . = ALIGN (0x4)
                0x0800b24c                        PROVIDE (__init_array_start = .)
 *(SORT_BY_NAME(.init_array.*))
 *(.init_array*)
 .init_array    0x0800b24c        0x4 /Applications/STM32CubeIDE.app/Contents/Eclipse/plugins/com.st.stm32cube.ide.mcu.externaltools.gnu-tools-for-stm32.12.3.rel1.macos64_1.0.200.202406191456/tools/bin/../lib/gcc/arm-none-eabi/12.3.1/thumb/v7e-m+fp/hard/crtbegin.o
                0x0800b250                        PROVIDE (__init_array_end = .)
                0x0800b250                        . = ALIGN (0x4)

.fini_array     0x0800b250        0x4
                0x0800b250                        . = ALIGN (0x4)
                [!provide]                        PROVIDE (__fini_array_start = .)
 *(SORT_BY_NAME(.fini_array.*))
 *(.fini_array*)
 .fini_array    0x0800b250        0x4 /Applications/STM32CubeIDE.app/Contents/Eclipse/plugins/com.st.stm32cube.ide.mcu.externaltools.gnu-tools-for-stm32.12.3.rel1.macos64_1.0.200.202406191456/tools/bin/../lib/gcc/arm-none-eabi/12.3.1/thumb/v7e-m+fp/hard/crtbegin.o
                [!provide]                        PROVIDE (__fini_array_end = .)
                0x0800b254                        . = ALIGN (0x4)
                0x0800b254                        _sidata = LOADADDR (.data)

.rel.dyn        0x0800b254        0x0
 .rel.iplt      0x0800b254        0x0 /Applications/STM32CubeIDE.app/Contents/Eclipse/plugins/com.st.stm32cube.ide.mcu.externaltools.gnu-tools-for-stm32.12.3.rel1.macos64_1.0.200.202406191456/tools/bin/../lib/gcc/arm-none-eabi/12.3.1/thumb/v7e-m+fp/hard/crtbegin.o

.data           0x20000000       0xf0 load address 0x0800b254
                0x20000000                        . = ALIGN (0x4)
                0x20000000                        _sdata = .
 *(.data)
 *(.data*)
 .data.capacitor_energy
                0x20000000        0x4 ./Core/Src/Capacitor.o
                0x20000000                capacitor_energy
 .data.current_difficulty
                0x20000004        0x1 ./Core/Src/Difficulty.o
                0x20000004                current_difficulty
 *fill*         0x20000005        0x3 
 .data.platform_x
                0x20000008        0x4 ./Core/Src/Display_Task.o
                0x20000008                platform_x
 .data.castle_and_cliff
                0x2000000c       0x40 ./Core/Src/Display_Task.o
                0x2000000c                castle_and_cliff
 .data.prev_platform_x.3
                0x2000004c        0x4 ./Core/Src/Display_Task.o
 .data.x.0      0x20000050        0x4 ./Core/Src/Display_Task.o
 .data.satchel_gravity
                0x20000054        0x4 ./Core/Src/Enemy.o
                0x20000054                satchel_gravity
 .data.CurrentTextColor
                0x20000058        0x2 ./Core/Src/LCD_Driver.o
 *fill*         0x2000005a        0x2 
 .data.SpiTimeout
                0x2000005c        0x4 ./Core/Src/LCD_Driver.o
                0x2000005c                SpiTimeout
 .data.menu_items
                0x20000060        0xc ./Core/Src/Main_Menu.o
                0x20000060                menu_items
 .data.railgun_energy
                0x2000006c        0x4 ./Core/Src/Railgun.o
                0x2000006c                railgun_energy
 .data.shield_health
                0x20000070        0x1 ./Core/Src/Shield.o
 .data.previous_health.0
                0x20000071        0x1 ./Core/Src/Shield.o
 *fill*         0x20000072        0x2 
 .data.Font16x24
                0x20000074        0x8 ./Core/Src/fonts.o
                0x20000074                Font16x24
 .data.SystemCoreClock
                0x2000007c        0x4 ./Core/Src/system_stm32f4xx.o
                0x2000007c                SystemCoreClock
 .data.uwTickPrio
                0x20000080        0x4 ./Drivers/STM32F4xx_HAL_Driver/Src/stm32f4xx_hal.o
                0x20000080                uwTickPrio
 .data.uwTickFreq
                0x20000084        0x1 ./Drivers/STM32F4xx_HAL_Driver/Src/stm32f4xx_hal.o
                0x20000084                uwTickFreq
 *fill*         0x20000085        0x3 
 .data.uxCriticalNesting
                0x20000088        0x4 ./Middlewares/Third_Party/FreeRTOS/Source/portable/GCC/ARM_CM4F/port.o
 .data.supports_ext_stdout_stderr
                0x2000008c        0x4 /Applications/STM32CubeIDE.app/Contents/Eclipse/plugins/com.st.stm32cube.ide.mcu.externaltools.gnu-tools-for-stm32.12.3.rel1.macos64_1.0.200.202406191456/tools/bin/../lib/gcc/arm-none-eabi/12.3.1/../../../../arm-none-eabi/lib/thumb/v7e-m+fp/hard/librdimon_nano.a(arm_librdimon_a-syscalls.o)
 .data.supports_ext_exit_extended
                0x20000090        0x4 /Applications/STM32CubeIDE.app/Contents/Eclipse/plugins/com.st.stm32cube.ide.mcu.externaltools.gnu-tools-for-stm32.12.3.rel1.macos64_1.0.200.202406191456/tools/bin/../lib/gcc/arm-none-eabi/12.3.1/../../../../arm-none-eabi/lib/thumb/v7e-m+fp/hard/librdimon_nano.a(arm_librdimon_a-syscalls.o)
 .data.__sglue  0x20000094        0xc /Applications/STM32CubeIDE.app/Contents/Eclipse/plugins/com.st.stm32cube.ide.mcu.externaltools.gnu-tools-for-stm32.12.3.rel1.macos64_1.0.200.202406191456/tools/bin/../lib/gcc/arm-none-eabi/12.3.1/../../../../arm-none-eabi/lib/thumb/v7e-m+fp/hard/libc_nano.a(libc_a-findfp.o)
                0x20000094                __sglue
 .data._impure_ptr
                0x200000a0        0x4 /Applications/STM32CubeIDE.app/Contents/Eclipse/plugins/com.st.stm32cube.ide.mcu.externaltools.gnu-tools-for-stm32.12.3.rel1.macos64_1.0.200.202406191456/tools/bin/../lib/gcc/arm-none-eabi/12.3.1/../../../../arm-none-eabi/lib/thumb/v7e-m+fp/hard/libc_nano.a(libc_a-impure.o)
                0x200000a0                _impure_ptr
 .data._impure_data
                0x200000a4       0x4c /Applications/STM32CubeIDE.app/Contents/Eclipse/plugins/com.st.stm32cube.ide.mcu.externaltools.gnu-tools-for-stm32.12.3.rel1.macos64_1.0.200.202406191456/tools/bin/../lib/gcc/arm-none-eabi/12.3.1/../../../../arm-none-eabi/lib/thumb/v7e-m+fp/hard/libc_nano.a(libc_a-impure.o)
                0x200000a4                _impure_data
 *(.RamFunc)
 *(.RamFunc*)
                0x200000f0                        . = ALIGN (0x4)
                0x200000f0                        _edata = .
                0x0800b344                        _siccmram = LOADADDR (.ccmram)

.igot.plt       0x200000f0        0x0 load address 0x0800b344
 .igot.plt      0x200000f0        0x0 /Applications/STM32CubeIDE.app/Contents/Eclipse/plugins/com.st.stm32cube.ide.mcu.externaltools.gnu-tools-for-stm32.12.3.rel1.macos64_1.0.200.202406191456/tools/bin/../lib/gcc/arm-none-eabi/12.3.1/thumb/v7e-m+fp/hard/crtbegin.o

.ccmram         0x10000000        0x0 load address 0x0800b344
                0x10000000                        . = ALIGN (0x4)
                0x10000000                        _sccmram = .
 *(.ccmram)
 *(.ccmram*)
                0x10000000                        . = ALIGN (0x4)
                0x10000000                        _eccmram = .
                0x10000000                        . = ALIGN (0x4)

.bss            0x200000f0    0x29d60
                0x200000f0                        _sbss = .
                0x200000f0                        __bss_start__ = _sbss
 *(.bss)
 .bss           0x200000f0       0x1c /Applications/STM32CubeIDE.app/Contents/Eclipse/plugins/com.st.stm32cube.ide.mcu.externaltools.gnu-tools-for-stm32.12.3.rel1.macos64_1.0.200.202406191456/tools/bin/../lib/gcc/arm-none-eabi/12.3.1/thumb/v7e-m+fp/hard/crtbegin.o
 *(.bss*)
 .bss.last_press_time.0
                0x2000010c        0x4 ./Core/Src/Button_Task.o
 .bss.last_charge_time.0
                0x20000110        0x4 ./Core/Src/Capacitor.o
 .bss.cliff_hit_count
                0x20000114        0x4 ./Core/Src/Collision.o
 .bss.prisoners_escaping
                0x20000118        0x1 ./Core/Src/Collision.o
                0x20000118                prisoners_escaping
 *fill*         0x20000119        0x3 
 .bss.escape_start_time
                0x2000011c        0x4 ./Core/Src/Collision.o
 .bss.last_blink_time
                0x20000120        0x4 ./Core/Src/Collision.o
 .bss.red_led_on
                0x20000124        0x1 ./Core/Src/Collision.o
 *fill*         0x20000125        0x3 
 .bss.platform_velocity
                0x20000128        0x4 ./Core/Src/Display_Task.o
 .bss.platform_acceleration
                0x2000012c        0x4 ./Core/Src/Display_Task.o
 .bss.prev_gyro_y.2
                0x20000130        0x4 ./Core/Src/Display_Task.o
 .bss.last_update_time.1
                0x20000134        0x4 ./Core/Src/Display_Task.o
 .bss.satchels  0x20000138       0x3c ./Core/Src/Enemy.o
                0x20000138                satchels
 .bss.satchel   0x20000174       0x14 ./Core/Src/Enemy.o
                0x20000174                satchel
 .bss.HAL_Status
                0x20000188        0x1 ./Core/Src/Gyro_Driver.o
 *fill*         0x20000189        0x3 
 .bss.hltdc     0x2000018c       0xa8 ./Core/Src/LCD_Driver.o
 .bss.PeriphClkInitStruct
                0x20000234       0x30 ./Core/Src/LCD_Driver.o
 .bss.LCD_Currentfonts
                0x20000264        0x4 ./Core/Src/LCD_Driver.o
 .bss.SpiHandle
                0x20000268       0x58 ./Core/Src/LCD_Driver.o
 .bss.frameBuffer
                0x200002c0    0x25800 ./Core/Src/LCD_Driver.o
                0x200002c0                frameBuffer
 .bss.Is_LCD_IO_Initialized
                0x20025ac0        0x1 ./Core/Src/LCD_Driver.o
 *fill*         0x20025ac1        0x3 
 .bss.current_selection
                0x20025ac4        0x4 ./Core/Src/Main_Menu.o
                0x20025ac4                current_selection
 .bss.current_state
                0x20025ac8        0x1 ./Core/Src/Main_Menu.o
                0x20025ac8                current_state
 .bss.previous_state.3
                0x20025ac9        0x1 ./Core/Src/Main_Menu.o
 *fill*         0x20025aca        0x2 
 .bss.press_time.2
                0x20025acc        0x4 ./Core/Src/Main_Menu.o
 .bss.previous_state.1
                0x20025ad0        0x1 ./Core/Src/Main_Menu.o
 *fill*         0x20025ad1        0x3 
 .bss.press_time.0
                0x20025ad4        0x4 ./Core/Src/Main_Menu.o
 .bss.projectile
                0x20025ad8       0x14 ./Core/Src/Railgun.o
                0x20025ad8                projectile
 .bss.shield_active
                0x20025aec        0x1 ./Core/Src/Shield.o
                0x20025aec                shield_active
 *fill*         0x20025aed        0x3 
 .bss.last_drain_time
                0x20025af0        0x4 ./Core/Src/Shield.o
 .bss.last_update_time.1
                0x20025af4        0x4 ./Core/Src/Shield.o
 .bss.xIdleTaskTCBBuffer
                0x20025af8       0x54 ./Core/Src/freertos.o
 .bss.xIdleStack
                0x20025b4c      0x200 ./Core/Src/freertos.o
 .bss.hltdc     0x20025d4c       0xa8 ./Core/Src/main.o
                0x20025d4c                hltdc
 .bss.hi2c3     0x20025df4       0x54 ./Core/Src/main.o
                0x20025df4                hi2c3
 .bss.hspi5     0x20025e48       0x58 ./Core/Src/main.o
                0x20025e48                hspi5
 .bss.htim2     0x20025ea0       0x48 ./Core/Src/main.o
                0x20025ea0                htim2
 .bss.defaultTaskHandle
                0x20025ee8        0x4 ./Core/Src/main.o
                0x20025ee8                defaultTaskHandle
 .bss.PhysicsTaskHandle
                0x20025eec        0x4 ./Core/Src/main.o
                0x20025eec                PhysicsTaskHandle
 .bss.DisplayTaskHandle
                0x20025ef0        0x4 ./Core/Src/main.o
                0x20025ef0                DisplayTaskHandle
 .bss.GyroTaskHandle
                0x20025ef4        0x4 ./Core/Src/main.o