../Core/Src/Gyro_Driver.c:16:6:Gyro_Init	8	static
../Core/Src/Gyro_Driver.c:23:6:Gyro_Power_On	16	static
../Core/Src/Gyro_Driver.c:44:6:Gyro_Reboot	16	static
../Core/Src/Gyro_Driver.c:60:9:Gyro_Get_Velocity	16	static
../Core/Src/Gyro_Driver.c:76:6:Gyro_Config_Regs	16	static
../Core/Src/Gyro_Driver.c:106:6:Gyro_HAL_Check	8	static
../Core/Src/Gyro_Driver.c:113:6:Gyro_Slave_Enable	8	static
../Core/Src/Gyro_Driver.c:117:6:Gyro_Slave_Disable	8	static
../Core/Src/Gyro_Driver.c:121:6:Gyro_Receive_Data	16	static
../Core/Src/Gyro_Driver.c:126:6:Gyro_Transmit_Data	16	static
