../Core/Src/LCD_Driver.c:32:6:LCD_GPIO_Init	56	static
../Core/Src/LCD_Driver.c:116:6:LTCD__Init	8	static
../Core/Src/LCD_Driver.c:167:6:LTCD_Layer_Init	72	static
../Core/Src/LCD_Driver.c:196:6:LCD_Draw_Pixel	16	static
../Core/Src/LCD_Driver.c:203:6:LCD_DrawChar	24	static
../Core/Src/LCD_Driver.c:222:6:LCD_DisplayCharColored	24	static
../Core/Src/LCD_Driver.c:229:6:LCD_DisplayChar	16	static
../Core/Src/LCD_Driver.c:235:6:LCD_DisplayString	24	static
../Core/Src/LCD_Driver.c:246:6:LCD_DisplayNumber	64	dynamic
../Core/Src/LCD_Driver.c:280:6:LCD_SetTextColor	16	static
../Core/Src/LCD_Driver.c:285:6:LCD_SetFont	16	static
../Core/Src/LCD_Driver.c:291:6:LCD_Draw_Circle_Fill	32	static
../Core/Src/LCD_Driver.c:306:6:LCD_Draw_Vertical_Line	32	static
../Core/Src/LCD_Driver.c:314:6:LCD_Clear	24	static
../Core/Src/LCD_Driver.c:323:6:LCD_Clear_Rectangle	32	static
../Core/Src/LCD_Driver.c:333:6:LCD_Error_Handler	4	static
../Core/Src/LCD_Driver.c:339:6:QuickDemo	16	static
../Core/Src/LCD_Driver.c:412:6:ili9341_Init	8	static
../Core/Src/LCD_Driver.c:543:6:ili9341_DisplayOn	8	static
../Core/Src/LCD_Driver.c:554:6:ili9341_DisplayOff	8	static
../Core/Src/LCD_Driver.c:565:6:ili9341_Write_Reg	16	static
../Core/Src/LCD_Driver.c:575:6:ili9341_Send_Data	16	static
../Core/Src/LCD_Driver.c:586:10:ili9341_ReadData	16	static
../Core/Src/LCD_Driver.c:598:13:SPI_Init	8	static
../Core/Src/LCD_Driver.c:636:17:SPI_Read	24	static
../Core/Src/LCD_Driver.c:657:13:SPI_Write	24	static
../Core/Src/LCD_Driver.c:675:13:SPI_Error	8	static
../Core/Src/LCD_Driver.c:688:13:SPI_MspInit	48	static
../Core/Src/LCD_Driver.c:712:6:LCD_IO_Init	40	static
../Core/Src/LCD_Driver.c:756:6:LCD_IO_WriteData	16	static
../Core/Src/LCD_Driver.c:772:6:LCD_IO_WriteReg	16	static
../Core/Src/LCD_Driver.c:791:10:LCD_IO_ReadData	24	static
../Core/Src/LCD_Driver.c:818:6:LCD_Delay	16	static
