../Core/Src/main.c:89:5:main	192	static
../Core/Src/main.c:214:6:SystemClock_Config	88	static
../Core/Src/main.c:261:13:MX_I2C3_Init	8	static
../Core/Src/main.c:309:13:MX_SPI5_Init	8	static
../Core/Src/main.c:347:13:MX_TIM2_Init	48	static
../Core/Src/main.c:396:13:MX_GPIO_Init	64	static
../Core/Src/main.c:645:6:StartDefaultTask	16	static
../Core/Src/main.c:663:6:StartTask02	16	static
../Core/Src/main.c:681:6:StartTask03	16	static
../Core/Src/main.c:699:6:StartTask04	24	static
../Core/Src/main.c:726:6:Error_Handler	4	static,ignoring_inline_asm
